Archive member included to satisfy reference by file (symbol)

/usr/local/gcc-arm-none-eabi-5_4-2016q3/bin/../lib/gcc/arm-none-eabi/5.4.1/../../../../arm-none-eabi/lib/armv7e-m/fpu/libc_nano.a(lib_a-exit.o)
                              /usr/local/gcc-arm-none-eabi-5_4-2016q3/bin/../lib/gcc/arm-none-eabi/5.4.1/../../../../arm-none-eabi/lib/armv7e-m/fpu/crt0.o (exit)
/usr/local/gcc-arm-none-eabi-5_4-2016q3/bin/../lib/gcc/arm-none-eabi/5.4.1/../../../../arm-none-eabi/lib/armv7e-m/fpu/libc_nano.a(lib_a-impure.o)
                              /usr/local/gcc-arm-none-eabi-5_4-2016q3/bin/../lib/gcc/arm-none-eabi/5.4.1/../../../../arm-none-eabi/lib/armv7e-m/fpu/libc_nano.a(lib_a-exit.o) (_global_impure_ptr)
/usr/local/gcc-arm-none-eabi-5_4-2016q3/bin/../lib/gcc/arm-none-eabi/5.4.1/../../../../arm-none-eabi/lib/armv7e-m/fpu/libc_nano.a(lib_a-init.o)
                              /usr/local/gcc-arm-none-eabi-5_4-2016q3/bin/../lib/gcc/arm-none-eabi/5.4.1/../../../../arm-none-eabi/lib/armv7e-m/fpu/crt0.o (__libc_init_array)
/usr/local/gcc-arm-none-eabi-5_4-2016q3/bin/../lib/gcc/arm-none-eabi/5.4.1/../../../../arm-none-eabi/lib/armv7e-m/fpu/libc_nano.a(lib_a-memset.o)
                              /usr/local/gcc-arm-none-eabi-5_4-2016q3/bin/../lib/gcc/arm-none-eabi/5.4.1/../../../../arm-none-eabi/lib/armv7e-m/fpu/crt0.o (memset)
/usr/local/gcc-arm-none-eabi-5_4-2016q3/bin/../lib/gcc/arm-none-eabi/5.4.1/../../../../arm-none-eabi/lib/armv7e-m/fpu/libnosys.a(_exit.o)
                              /usr/local/gcc-arm-none-eabi-5_4-2016q3/bin/../lib/gcc/arm-none-eabi/5.4.1/../../../../arm-none-eabi/lib/armv7e-m/fpu/libc_nano.a(lib_a-exit.o) (_exit)
/usr/local/gcc-arm-none-eabi-5_4-2016q3/bin/../lib/gcc/arm-none-eabi/5.4.1/../../../../arm-none-eabi/lib/armv7e-m/fpu/libc_nano.a(lib_a-memcpy-stub.o)
                              _build/nrf52832_xxaa_SEGGER_RTT.c.o (memcpy)
/usr/local/gcc-arm-none-eabi-5_4-2016q3/bin/../lib/gcc/arm-none-eabi/5.4.1/../../../../arm-none-eabi/lib/armv7e-m/fpu/libc_nano.a(lib_a-strcpy.o)
                              _build/nrf52832_xxaa_SEGGER_RTT.c.o (strcpy)
/usr/local/gcc-arm-none-eabi-5_4-2016q3/bin/../lib/gcc/arm-none-eabi/5.4.1/../../../../arm-none-eabi/lib/armv7e-m/fpu/libc_nano.a(lib_a-strlen.o)
                              _build/nrf52832_xxaa_main.c.o (strlen)

Allocating common symbols
Common symbol       size              file

nrf_nvic_state      0xc               _build/nrf52832_xxaa_app_util_platform.c.o
_SEGGER_RTT         0x78              _build/nrf52832_xxaa_SEGGER_RTT.c.o

Discarded input sections

 .text          0x0000000000000000        0x0 /usr/local/gcc-arm-none-eabi-5_4-2016q3/bin/../lib/gcc/arm-none-eabi/5.4.1/armv7e-m/fpu/crti.o
 .data          0x0000000000000000        0x0 /usr/local/gcc-arm-none-eabi-5_4-2016q3/bin/../lib/gcc/arm-none-eabi/5.4.1/armv7e-m/fpu/crti.o
 .bss           0x0000000000000000        0x0 /usr/local/gcc-arm-none-eabi-5_4-2016q3/bin/../lib/gcc/arm-none-eabi/5.4.1/armv7e-m/fpu/crti.o
 .data          0x0000000000000000        0x4 /usr/local/gcc-arm-none-eabi-5_4-2016q3/bin/../lib/gcc/arm-none-eabi/5.4.1/armv7e-m/fpu/crtbegin.o
 .data          0x0000000000000000        0x0 /usr/local/gcc-arm-none-eabi-5_4-2016q3/bin/../lib/gcc/arm-none-eabi/5.4.1/../../../../arm-none-eabi/lib/armv7e-m/fpu/crt0.o
 .bss           0x0000000000000000        0x0 /usr/local/gcc-arm-none-eabi-5_4-2016q3/bin/../lib/gcc/arm-none-eabi/5.4.1/../../../../arm-none-eabi/lib/armv7e-m/fpu/crt0.o
 .ARM.extab     0x0000000000000000        0x0 /usr/local/gcc-arm-none-eabi-5_4-2016q3/bin/../lib/gcc/arm-none-eabi/5.4.1/../../../../arm-none-eabi/lib/armv7e-m/fpu/crt0.o
 .text          0x0000000000000000        0x0 /usr/local/gcc-arm-none-eabi-5_4-2016q3/bin/../lib/gcc/arm-none-eabi/5.4.1/../../../../arm-none-eabi/lib/armv7e-m/fpu/libc_nano.a(lib_a-exit.o)
 .data          0x0000000000000000        0x0 /usr/local/gcc-arm-none-eabi-5_4-2016q3/bin/../lib/gcc/arm-none-eabi/5.4.1/../../../../arm-none-eabi/lib/armv7e-m/fpu/libc_nano.a(lib_a-exit.o)
 .bss           0x0000000000000000        0x0 /usr/local/gcc-arm-none-eabi-5_4-2016q3/bin/../lib/gcc/arm-none-eabi/5.4.1/../../../../arm-none-eabi/lib/armv7e-m/fpu/libc_nano.a(lib_a-exit.o)
 .text          0x0000000000000000        0x0 /usr/local/gcc-arm-none-eabi-5_4-2016q3/bin/../lib/gcc/arm-none-eabi/5.4.1/../../../../arm-none-eabi/lib/armv7e-m/fpu/libc_nano.a(lib_a-impure.o)
 .data          0x0000000000000000        0x0 /usr/local/gcc-arm-none-eabi-5_4-2016q3/bin/../lib/gcc/arm-none-eabi/5.4.1/../../../../arm-none-eabi/lib/armv7e-m/fpu/libc_nano.a(lib_a-impure.o)
 .bss           0x0000000000000000        0x0 /usr/local/gcc-arm-none-eabi-5_4-2016q3/bin/../lib/gcc/arm-none-eabi/5.4.1/../../../../arm-none-eabi/lib/armv7e-m/fpu/libc_nano.a(lib_a-impure.o)
 .data._impure_ptr
[...]
Memory Configuration

Name             Origin             Length             Attributes
FLASH            0x000000000001f000 0x0000000000061000 xr
RAM              0x0000000020002128 0x000000000000ded8 xrw
*default*        0x0000000000000000 0xffffffffffffffff

Linker script and memory map


.text           0x000000000001f000     0x3724
 *(.isr_vector)
 .isr_vector    0x000000000001f000      0x400 _build/nrf52832_xxaa_gcc_startup_nrf52.S.o
                0x000000000001f000                __isr_vector
 *(.text*)
 .text          0x000000000001f400       0x5c /usr/local/gcc-arm-none-eabi-5_4-2016q3/bin/../lib/gcc/arm-none-eabi/5.4.1/armv7e-m/fpu/crtbegin.o
 .text          0x000000000001f45c       0x74 /usr/local/gcc-arm-none-eabi-5_4-2016q3/bin/../lib/gcc/arm-none-eabi/5.4.1/../../../../arm-none-eabi/lib/armv7e-m/fpu/crt0.o
                0x000000000001f45c                _mainCRTStartup
                0x000000000001f45c                _start
 .text.exit     0x000000000001f4d0       0x28 /usr/local/gcc-arm-none-eabi-5_4-2016q3/bin/../lib/gcc/arm-none-eabi/5.4.1/../../../../arm-none-eabi/lib/armv7e-m/fpu/libc_nano.a(lib_a-exit.o)
                0x000000000001f4d0                exit
 .text.__libc_init_array
                0x000000000001f4f8       0x4c /usr/local/gcc-arm-none-eabi-5_4-2016q3/bin/../lib/gcc/arm-none-eabi/5.4.1/../../../../arm-none-eabi/lib/armv7e-m/fpu/libc_nano.a(lib_a-init.o)
                0x000000000001f4f8                __libc_init_array
 .text.memset   0x000000000001f544       0x10 /usr/local/gcc-arm-none-eabi-5_4-2016q3/bin/../lib/gcc/arm-none-eabi/5.4.1/../../../../arm-none-eabi/lib/armv7e-m/fpu/libc_nano.a(lib_a-memset.o)
                0x000000000001f544                memset
 .text._exit    0x000000000001f554        0x4 /usr/local/gcc-arm-none-eabi-5_4-2016q3/bin/../lib/gcc/arm-none-eabi/5.4.1/../../../../arm-none-eabi/lib/armv7e-m/fpu/libnosys.a(_exit.o)
                0x000000000001f554                _exit
 .text.detection_delay_timeout_handler
                0x000000000001f558       0xa8 _build/nrf52832_xxaa_app_button.c.o
 .text.gpiote_event_handler
                0x000000000001f600       0x5c _build/nrf52832_xxaa_app_button.c.o
 .text.app_button_init
                0x000000000001f65c       0xb0 _build/nrf52832_xxaa_app_button.c.o
                0x000000000001f65c                app_button_init
 .text.app_button_enable
                0x000000000001f70c       0x2c _build/nrf52832_xxaa_app_button.c.o
                0x000000000001f70c                app_button_enable
 .text.app_button_disable
                0x000000000001f738       0x34 _build/nrf52832_xxaa_app_button.c.o
                0x000000000001f738                app_button_disable
 .text.app_error_handler_bare
                0x000000000001f76c       0x20 _build/nrf52832_xxaa_app_error.c.o
                0x000000000001f76c                app_error_handler_bare
 .text.app_error_fault_handler
                0x000000000001f78c       0x24 _build/nrf52832_xxaa_app_error_weak.c.o
                0x000000000001f78c                app_error_fault_handler
 .text.RTC1_IRQHandler
                0x000000000001f7b0       0xc4 _build/nrf52832_xxaa_app_timer.c.o
                0x000000000001f7b0                RTC1_IRQHandler
 .text.SWI0_EGU0_IRQHandler
                0x000000000001f874      0x654 _build/nrf52832_xxaa_app_timer.c.o
                0x000000000001f874                SWI0_EGU0_IRQHandler
 .text.app_timer_init
                0x000000000001fec8      0x1c0 _build/nrf52832_xxaa_app_timer.c.o
                0x000000000001fec8                app_timer_init
 .text.app_timer_create
                0x0000000000020088       0x24 _build/nrf52832_xxaa_app_timer.c.o
                0x0000000000020088                app_timer_create
 .text.app_timer_start
                0x00000000000200ac       0xb0 _build/nrf52832_xxaa_app_timer.c.o
                0x00000000000200ac                app_timer_start
 .text.app_timer_stop
                0x000000000002015c       0x7c _build/nrf52832_xxaa_app_timer.c.o
                0x000000000002015c                app_timer_stop
 .text.app_util_critical_region_enter
                0x00000000000201d8       0x50 _build/nrf52832_xxaa_app_util_platform.c.o
                0x00000000000201d8                app_util_critical_region_enter
 .text.app_util_critical_region_exit
                0x0000000000020228       0x30 _build/nrf52832_xxaa_app_util_platform.c.o
                0x0000000000020228                app_util_critical_region_exit
 .text.bsp_board_led_on
                0x0000000000020258       0x18 _build/nrf52832_xxaa_boards.c.o
                0x0000000000020258                bsp_board_led_on
 .text.bsp_board_led_off
                0x0000000000020270       0x18 _build/nrf52832_xxaa_boards.c.o
                0x0000000000020270                bsp_board_led_off
 .text.bsp_board_leds_init
                0x0000000000020288       0x3c _build/nrf52832_xxaa_boards.c.o
                0x0000000000020288                bsp_board_leds_init
 .text.POWER_CLOCK_IRQHandler
                0x00000000000202c4       0x78 _build/nrf52832_xxaa_nrf_drv_clock.c.o
                0x00000000000202c4                POWER_CLOCK_IRQHandler
 .text.nrf_drv_clock_on_soc_event
                0x000000000002033c       0x20 _build/nrf52832_xxaa_nrf_drv_clock.c.o
                0x000000000002033c                nrf_drv_clock_on_soc_event
 .text.nrf_drv_clock_on_sd_enable
                0x000000000002035c       0x64 _build/nrf52832_xxaa_nrf_drv_clock.c.o
                0x000000000002035c                nrf_drv_clock_on_sd_enable
 .text.nrf_drv_common_irq_enable
                0x00000000000203c0       0x50 _build/nrf52832_xxaa_nrf_drv_common.c.o
                0x00000000000203c0                nrf_drv_common_irq_enable
 .text.nrf_drv_gpiote_init
                0x0000000000020410       0x84 _build/nrf52832_xxaa_nrf_drv_gpiote.c.o
                0x0000000000020410                nrf_drv_gpiote_init
 .text.nrf_drv_gpiote_is_init
                0x0000000000020494       0x14 _build/nrf52832_xxaa_nrf_drv_gpiote.c.o
                0x0000000000020494                nrf_drv_gpiote_is_init
 .text.nrf_drv_gpiote_in_init
                0x00000000000204a8      0x190 _build/nrf52832_xxaa_nrf_drv_gpiote.c.o
                0x00000000000204a8                nrf_drv_gpiote_in_init
 .text.nrf_drv_gpiote_in_event_enable
                0x0000000000020638       0xc4 _build/nrf52832_xxaa_nrf_drv_gpiote.c.o
                0x0000000000020638                nrf_drv_gpiote_in_event_enable
 .text.nrf_drv_gpiote_in_event_disable
                0x00000000000206fc       0x60 _build/nrf52832_xxaa_nrf_drv_gpiote.c.o
                0x00000000000206fc                nrf_drv_gpiote_in_event_disable
 .text.nrf_drv_gpiote_in_is_set
                0x000000000002075c       0x14 _build/nrf52832_xxaa_nrf_drv_gpiote.c.o
                0x000000000002075c                nrf_drv_gpiote_in_is_set
 .text.GPIOTE_IRQHandler
                0x0000000000020770      0x4f4 _build/nrf52832_xxaa_nrf_drv_gpiote.c.o
                0x0000000000020770                GPIOTE_IRQHandler
 .text.UARTE0_UART0_IRQHandler
                0x0000000000020c64      0x2fc _build/nrf52832_xxaa_nrf_drv_uart.c.o
                0x0000000000020c64                UARTE0_UART0_IRQHandler
 .text.sd_ble_gap_adv_start
                0x0000000000020f60        0x4 _build/nrf52832_xxaa_main.c.o
 .text.sd_ble_gap_disconnect
                0x0000000000020f64        0x4 _build/nrf52832_xxaa_main.c.o
 .text.sd_ble_gap_ppcp_set
                0x0000000000020f68        0x4 _build/nrf52832_xxaa_main.c.o
 .text.sd_ble_gap_device_name_set
                0x0000000000020f6c        0x4 _build/nrf52832_xxaa_main.c.o
 .text.sd_ble_gap_sec_params_reply
                0x0000000000020f70        0x4 _build/nrf52832_xxaa_main.c.o
 .text.sd_ble_gatts_rw_authorize_reply
                0x0000000000020f74        0x4 _build/nrf52832_xxaa_main.c.o
 .text.sd_ble_gatts_sys_attr_set
                0x0000000000020f78        0x4 _build/nrf52832_xxaa_main.c.o
 .text.sd_ble_gatts_exchange_mtu_reply
                0x0000000000020f7c        0x4 _build/nrf52832_xxaa_main.c.o
 .text.sd_ble_user_mem_reply
                0x0000000000020f80        0x4 _build/nrf52832_xxaa_main.c.o
 .text.sd_app_evt_wait
                0x0000000000020f84        0x4 _build/nrf52832_xxaa_main.c.o
 .text.conn_params_error_handler
                0x0000000000020f88        0x4 _build/nrf52832_xxaa_main.c.o
 .text.led_write_handler
                0x0000000000020f8c        0xc _build/nrf52832_xxaa_main.c.o
 .text.on_conn_params_evt
                0x0000000000020f98       0x24 _build/nrf52832_xxaa_main.c.o
 .text.button_event_handler
                0x0000000000020fbc       0x2c _build/nrf52832_xxaa_main.c.o
 .text.ble_evt_dispatch
                0x0000000000020fe8      0x170 _build/nrf52832_xxaa_main.c.o
 .text.startup.main
                0x0000000000021158      0x1cc _build/nrf52832_xxaa_main.c.o
                0x0000000000021158                main
 .text.sd_ble_gap_addr_get
                0x0000000000021324        0x4 _build/nrf52832_xxaa_ble_advdata.c.o
 .text.sd_ble_gap_adv_data_set
                0x0000000000021328        0x4 _build/nrf52832_xxaa_ble_advdata.c.o
 .text.sd_ble_gap_appearance_get
                0x000000000002132c        0x4 _build/nrf52832_xxaa_ble_advdata.c.o
 .text.sd_ble_gap_device_name_get
                0x0000000000021330        0x4 _build/nrf52832_xxaa_ble_advdata.c.o
 .text.sd_ble_uuid_encode
                0x0000000000021334        0x4 _build/nrf52832_xxaa_ble_advdata.c.o
 .text.uuid_list_sized_encode
                0x0000000000021338       0xb8 _build/nrf52832_xxaa_ble_advdata.c.o
 .text.adv_data_encode
                0x00000000000213f0      0x3f8 _build/nrf52832_xxaa_ble_advdata.c.o
                0x00000000000213f0                adv_data_encode
 .text.ble_advdata_set
                0x00000000000217e8      0x4dc _build/nrf52832_xxaa_ble_advdata.c.o
                0x00000000000217e8                ble_advdata_set
 .text.sd_ble_gap_conn_param_update
                0x0000000000021cc4        0x4 _build/nrf52832_xxaa_ble_conn_params.c.o
 .text.sd_ble_gap_disconnect
                0x0000000000021cc8        0x4 _build/nrf52832_xxaa_ble_conn_params.c.o
 .text.sd_ble_gap_ppcp_set
                0x0000000000021ccc        0x4 _build/nrf52832_xxaa_ble_conn_params.c.o
 .text.sd_ble_gap_ppcp_get
                0x0000000000021cd0        0x4 _build/nrf52832_xxaa_ble_conn_params.c.o
 .text.update_timeout_handler
                0x0000000000021cd4       0x74 _build/nrf52832_xxaa_ble_conn_params.c.o
 .text.conn_params_negotiation
                0x0000000000021d48       0x94 _build/nrf52832_xxaa_ble_conn_params.c.o
 .text.ble_conn_params_init
                0x0000000000021ddc       0x74 _build/nrf52832_xxaa_ble_conn_params.c.o
                0x0000000000021ddc                ble_conn_params_init
 .text.ble_conn_params_on_ble_evt
                0x0000000000021e50       0xb8 _build/nrf52832_xxaa_ble_conn_params.c.o
                0x0000000000021e50                ble_conn_params_on_ble_evt
 .text.ble_srv_is_notification_enabled
                0x0000000000021f08        0x8 _build/nrf52832_xxaa_ble_srv_common.c.o
                0x0000000000021f08                ble_srv_is_notification_enabled
 .text          0x0000000000021f10       0x3c _build/nrf52832_xxaa_gcc_startup_nrf52.S.o
                0x0000000000021f10                Reset_Handler
                0x0000000000021f38                NMI_Handler
                0x0000000000021f3a                HardFault_Handler
                0x0000000000021f3c                MemoryManagement_Handler
                0x0000000000021f3e                BusFault_Handler
                0x0000000000021f40                UsageFault_Handler
                0x0000000000021f42                SVC_Handler
                0x0000000000021f44                DebugMon_Handler
                0x0000000000021f46                PendSV_Handler
                0x0000000000021f48                SysTick_Handler
                0x0000000000021f4a                TIMER4_IRQHandler
                0x0000000000021f4a                I2S_IRQHandler
                0x0000000000021f4a                SWI4_EGU4_IRQHandler
                0x0000000000021f4a                TIMER0_IRQHandler
                0x0000000000021f4a                TIMER1_IRQHandler
                0x0000000000021f4a                PWM2_IRQHandler
                0x0000000000021f4a                ECB_IRQHandler
                0x0000000000021f4a                SPIM1_SPIS1_TWIM1_TWIS1_SPI1_TWI1_IRQHandler
                0x0000000000021f4a                Default_Handler
                0x0000000000021f4a                SAADC_IRQHandler
                0x0000000000021f4a                CCM_AAR_IRQHandler
                0x0000000000021f4a                WDT_IRQHandler
                0x0000000000021f4a                SWI5_EGU5_IRQHandler
                0x0000000000021f4a                RNG_IRQHandler
                0x0000000000021f4a                RTC2_IRQHandler
                0x0000000000021f4a                PWM0_IRQHandler
                0x0000000000021f4a                SWI3_EGU3_IRQHandler
                0x0000000000021f4a                SWI1_EGU1_IRQHandler
                0x0000000000021f4a                SPIM2_SPIS2_SPI2_IRQHandler
                0x0000000000021f4a                NFCT_IRQHandler
                0x0000000000021f4a                MWU_IRQHandler
                0x0000000000021f4a                TIMER2_IRQHandler
                0x0000000000021f4a                COMP_LPCOMP_IRQHandler
                0x0000000000021f4a                RTC0_IRQHandler
                0x0000000000021f4a                PWM1_IRQHandler
                0x0000000000021f4a                RADIO_IRQHandler
                0x0000000000021f4a                PDM_IRQHandler
                0x0000000000021f4a                TEMP_IRQHandler
                0x0000000000021f4a                QDEC_IRQHandler
                0x0000000000021f4a                TIMER3_IRQHandler
                0x0000000000021f4a                FPU_IRQHandler
                0x0000000000021f4a                SPIM0_SPIS0_TWIM0_TWIS0_SPI0_TWI0_IRQHandler
 .text.SystemInit
                0x0000000000021f4c      0x2f0 _build/nrf52832_xxaa_system_nrf52.c.o
                0x0000000000021f4c                SystemInit
 .text.sd_ble_gatts_service_add
                0x000000000002223c        0x4 _build/nrf52832_xxaa_ble_lbs.c.o
 .text.sd_ble_gatts_characteristic_add
                0x0000000000022240        0x4 _build/nrf52832_xxaa_ble_lbs.c.o
 .text.sd_ble_gatts_hvx
                0x0000000000022244        0x4 _build/nrf52832_xxaa_ble_lbs.c.o
 .text.sd_ble_uuid_vs_add
                0x0000000000022248        0x4 _build/nrf52832_xxaa_ble_lbs.c.o
 .text.ble_lbs_on_ble_evt
                0x000000000002224c       0x44 _build/nrf52832_xxaa_ble_lbs.c.o
                0x000000000002224c                ble_lbs_on_ble_evt
 .text.ble_lbs_init
                0x0000000000022290      0x1d8 _build/nrf52832_xxaa_ble_lbs.c.o
                0x0000000000022290                ble_lbs_init
 .text.ble_lbs_on_button_change
                0x0000000000022468       0x3c _build/nrf52832_xxaa_ble_lbs.c.o
                0x0000000000022468                ble_lbs_on_button_change
 .text.sd_evt_get
                0x00000000000224a4        0x4 _build/nrf52832_xxaa_softdevice_handler.c.o
 .text.sd_softdevice_enable
                0x00000000000224a8        0x4 _build/nrf52832_xxaa_softdevice_handler.c.o
 .text.sd_ble_enable
                0x00000000000224ac        0x4 _build/nrf52832_xxaa_softdevice_handler.c.o
 .text.sd_ble_evt_get
                0x00000000000224b0        0x4 _build/nrf52832_xxaa_softdevice_handler.c.o
 .text.softdevice_fault_handler
                0x00000000000224b4        0x4 _build/nrf52832_xxaa_softdevice_handler.c.o
                0x00000000000224b4                softdevice_fault_handler
 .text.intern_softdevice_events_execute.part.2
                0x00000000000224b8       0xc0 _build/nrf52832_xxaa_softdevice_handler.c.o
 .text.softdevice_handler_is_enabled
                0x0000000000022578        0xc _build/nrf52832_xxaa_softdevice_handler.c.o
                0x0000000000022578                softdevice_handler_is_enabled
 .text.softdevice_handler_init
                0x0000000000022584       0x94 _build/nrf52832_xxaa_softdevice_handler.c.o
                0x0000000000022584                softdevice_handler_init
 .text.softdevice_ble_evt_handler_set
                0x0000000000022618       0x14 _build/nrf52832_xxaa_softdevice_handler.c.o
                0x0000000000022618                softdevice_ble_evt_handler_set
 .text.SWI2_EGU2_IRQHandler
                0x000000000002262c       0x30 _build/nrf52832_xxaa_softdevice_handler.c.o
                0x000000000002262c                SWI2_EGU2_IRQHandler
 .text.softdevice_enable_get_default_config
                0x000000000002265c       0x30 _build/nrf52832_xxaa_softdevice_handler.c.o
                0x000000000002265c                softdevice_enable_get_default_config
 .text.softdevice_enable
                0x000000000002268c       0x20 _build/nrf52832_xxaa_softdevice_handler.c.o
                0x000000000002268c                softdevice_enable
 .text.memcpy   0x00000000000226ac       0x16 /usr/local/gcc-arm-none-eabi-5_4-2016q3/bin/../lib/gcc/arm-none-eabi/5.4.1/../../../../arm-none-eabi/lib/armv7e-m/fpu/libc_nano.a(lib_a-memcpy-stub.o)
                0x00000000000226ac                memcpy
 .text          0x00000000000226c2       0x10 /usr/local/gcc-arm-none-eabi-5_4-2016q3/bin/../lib/gcc/arm-none-eabi/5.4.1/../../../../arm-none-eabi/lib/armv7e-m/fpu/libc_nano.a(lib_a-strlen.o)
                0x00000000000226c2                strlen
 *(.init)
 *fill*         0x00000000000226d2        0x2 
 .init          0x00000000000226d4        0x4 /usr/local/gcc-arm-none-eabi-5_4-2016q3/bin/../lib/gcc/arm-none-eabi/5.4.1/armv7e-m/fpu/crti.o
                0x00000000000226d4                _init
 .init          0x00000000000226d8        0x8 /usr/local/gcc-arm-none-eabi-5_4-2016q3/bin/../lib/gcc/arm-none-eabi/5.4.1/armv7e-m/fpu/crtn.o
 *(.fini)
 .fini          0x00000000000226e0        0x4 /usr/local/gcc-arm-none-eabi-5_4-2016q3/bin/../lib/gcc/arm-none-eabi/5.4.1/armv7e-m/fpu/crti.o
                0x00000000000226e0                _fini
 .fini          0x00000000000226e4        0x8 /usr/local/gcc-arm-none-eabi-5_4-2016q3/bin/../lib/gcc/arm-none-eabi/5.4.1/armv7e-m/fpu/crtn.o
 *crtbegin.o(.ctors)
 *crtbegin?.o(.ctors)
 *(EXCLUDE_FILE(*crtend.o *crtend?.o) .ctors)
 *(SORT(.ctors.*))
 *(.ctors)
 *crtbegin.o(.dtors)
 *crtbegin?.o(.dtors)
 *(EXCLUDE_FILE(*crtend.o *crtend?.o) .dtors)
 *(SORT(.dtors.*))
 *(.dtors)
 *(.rodata*)
 .rodata._global_impure_ptr
                0x00000000000226ec        0x4 /usr/local/gcc-arm-none-eabi-5_4-2016q3/bin/../lib/gcc/arm-none-eabi/5.4.1/../../../../arm-none-eabi/lib/armv7e-m/fpu/libc_nano.a(lib_a-impure.o)
                0x00000000000226ec                _global_impure_ptr
 .rodata.m_detection_delay_timer_id
                0x00000000000226f0        0x4 _build/nrf52832_xxaa_app_button.c.o
 .rodata.m_board_led_list
                0x00000000000226f4        0x4 _build/nrf52832_xxaa_boards.c.o
 .rodata        0x00000000000226f8        0x4 _build/nrf52832_xxaa_main.c.o
 .rodata.str1.4
                0x00000000000226fc       0x10 _build/nrf52832_xxaa_main.c.o
                                          0xe (size before relaxing)
 .rodata.m_conn_params_timer_id
                0x000000000002270c        0x4 _build/nrf52832_xxaa_ble_conn_params.c.o
 .rodata        0x0000000000022710       0x10 _build/nrf52832_xxaa_ble_lbs.c.o
 *(.eh_frame*)
 .eh_frame      0x0000000000022720        0x0 /usr/local/gcc-arm-none-eabi-5_4-2016q3/bin/../lib/gcc/arm-none-eabi/5.4.1/armv7e-m/fpu/crtbegin.o
 .eh_frame      0x0000000000022720        0x4 /usr/local/gcc-arm-none-eabi-5_4-2016q3/bin/../lib/gcc/arm-none-eabi/5.4.1/armv7e-m/fpu/crtend.o

.glue_7         0x0000000000022724        0x0
 .glue_7        0x0000000000022724        0x0 linker stubs

.glue_7t        0x0000000000022724        0x0
 .glue_7t       0x0000000000022724        0x0 linker stubs

.vfp11_veneer   0x0000000000022724        0x0
 .vfp11_veneer  0x0000000000022724        0x0 linker stubs

.v4_bx          0x0000000000022724        0x0
 .v4_bx         0x0000000000022724        0x0 linker stubs

.iplt           0x0000000000022724        0x0
 .iplt          0x0000000000022724        0x0 /usr/local/gcc-arm-none-eabi-5_4-2016q3/bin/../lib/gcc/arm-none-eabi/5.4.1/armv7e-m/fpu/crtbegin.o

.ARM.extab
 *(.ARM.extab* .gnu.linkonce.armextab.*)
                0x0000000000022724                __exidx_start = .

.ARM.exidx      0x0000000000022724        0x8
 *(.ARM.exidx* .gnu.linkonce.armexidx.*)
 .ARM.exidx     0x0000000000022724        0x8 /usr/local/gcc-arm-none-eabi-5_4-2016q3/bin/../lib/gcc/arm-none-eabi/5.4.1/../../../../arm-none-eabi/lib/armv7e-m/fpu/crt0.o
                0x000000000002272c                __exidx_end = .
                0x000000000002272c                __etext = .

.rel.dyn        0x000000000002272c        0x0
 .rel.iplt      0x000000000002272c        0x0 /usr/local/gcc-arm-none-eabi-5_4-2016q3/bin/../lib/gcc/arm-none-eabi/5.4.1/armv7e-m/fpu/crtbegin.o

.data           0x0000000020002128       0x7c load address 0x000000000002272c
                0x0000000020002128                __data_start__ = .
 *(vtable)
 *(.data*)
 .data.impure_data
                0x0000000020002128       0x60 /usr/local/gcc-arm-none-eabi-5_4-2016q3/bin/../lib/gcc/arm-none-eabi/5.4.1/../../../../arm-none-eabi/lib/armv7e-m/fpu/libc_nano.a(lib_a-impure.o)
 .data.buttons.9246
                0x0000000020002188        0x8 _build/nrf52832_xxaa_main.c.o
 .data.m_conn_handle
                0x0000000020002190        0x2 _build/nrf52832_xxaa_main.c.o
 *fill*         0x0000000020002192        0x2 
 .data.SystemCoreClock
                0x0000000020002194        0x4 _build/nrf52832_xxaa_system_nrf52.c.o
                0x0000000020002194                SystemCoreClock
                0x0000000020002198                . = ALIGN (0x4)
                0x0000000020002198                PROVIDE (__preinit_array_start, .)
 *(.preinit_array)
                0x0000000020002198                PROVIDE (__preinit_array_end, .)
                0x0000000020002198                . = ALIGN (0x4)
                0x0000000020002198                PROVIDE (__init_array_start, .)
 *(SORT(.init_array.*))
 *(.init_array)
 .init_array    0x0000000020002198        0x4 /usr/local/gcc-arm-none-eabi-5_4-2016q3/bin/../lib/gcc/arm-none-eabi/5.4.1/armv7e-m/fpu/crtbegin.o
                0x000000002000219c                PROVIDE (__init_array_end, .)
                0x000000002000219c                . = ALIGN (0x4)
                [!provide]                        PROVIDE (__fini_array_start, .)
 *(SORT(.fini_array.*))
 *(.fini_array)
 .fini_array    0x000000002000219c        0x4 /usr/local/gcc-arm-none-eabi-5_4-2016q3/bin/../lib/gcc/arm-none-eabi/5.4.1/armv7e-m/fpu/crtbegin.o
                [!provide]                        PROVIDE (__fini_array_end, .)
 *(.jcr*)
 .jcr           0x00000000200021a0        0x0 /usr/local/gcc-arm-none-eabi-5_4-2016q3/bin/../lib/gcc/arm-none-eabi/5.4.1/armv7e-m/fpu/crtbegin.o
 .jcr           0x00000000200021a0        0x4 /usr/local/gcc-arm-none-eabi-5_4-2016q3/bin/../lib/gcc/arm-none-eabi/5.4.1/armv7e-m/fpu/crtend.o
                0x00000000200021a4                . = ALIGN (0x4)
                0x00000000200021a4                __data_end__ = .
LOAD /usr/local/gcc-arm-none-eabi-5_4-2016q3/bin/../lib/gcc/arm-none-eabi/5.4.1/armv7e-m/fpu/crti.o
LOAD /usr/local/gcc-arm-none-eabi-5_4-2016q3/bin/../lib/gcc/arm-none-eabi/5.4.1/armv7e-m/fpu/crtbegin.o
LOAD /usr/local/gcc-arm-none-eabi-5_4-2016q3/bin/../lib/gcc/arm-none-eabi/5.4.1/../../../../arm-none-eabi/lib/armv7e-m/fpu/crt0.o
LOAD /usr/local/gcc-arm-none-eabi-5_4-2016q3/bin/../lib/gcc/arm-none-eabi/5.4.1/../../../../arm-none-eabi/lib/armv7e-m/fpu/libc_nano.a
LOAD /usr/local/gcc-arm-none-eabi-5_4-2016q3/bin/../lib/gcc/arm-none-eabi/5.4.1/../../../../arm-none-eabi/lib/armv7e-m/fpu/libnosys.a
LOAD _build/nrf52832_xxaa_nrf_log_backend_serial.c.o
LOAD _build/nrf52832_xxaa_nrf_log_frontend.c.o
LOAD _build/nrf52832_xxaa_app_button.c.o
LOAD _build/nrf52832_xxaa_app_error.c.o
LOAD _build/nrf52832_xxaa_app_error_weak.c.o
LOAD _build/nrf52832_xxaa_app_timer.c.o
LOAD _build/nrf52832_xxaa_app_util_platform.c.o
LOAD _build/nrf52832_xxaa_hardfault_implementation.c.o
LOAD _build/nrf52832_xxaa_nrf_assert.c.o
LOAD _build/nrf52832_xxaa_sdk_errors.c.o
LOAD _build/nrf52832_xxaa_boards.c.o
LOAD _build/nrf52832_xxaa_nrf_drv_clock.c.o
LOAD _build/nrf52832_xxaa_nrf_drv_common.c.o
LOAD _build/nrf52832_xxaa_nrf_drv_gpiote.c.o
LOAD _build/nrf52832_xxaa_nrf_drv_uart.c.o
LOAD _build/nrf52832_xxaa_bsp.c.o
LOAD _build/nrf52832_xxaa_bsp_nfc.c.o
LOAD _build/nrf52832_xxaa_main.c.o
LOAD _build/nrf52832_xxaa_RTT_Syscalls_GCC.c.o
LOAD _build/nrf52832_xxaa_SEGGER_RTT.c.o
LOAD _build/nrf52832_xxaa_SEGGER_RTT_printf.c.o
LOAD _build/nrf52832_xxaa_ble_advdata.c.o
LOAD _build/nrf52832_xxaa_ble_conn_params.c.o
LOAD _build/nrf52832_xxaa_ble_srv_common.c.o
LOAD _build/nrf52832_xxaa_gcc_startup_nrf52.S.o
LOAD _build/nrf52832_xxaa_system_nrf52.c.o
LOAD _build/nrf52832_xxaa_ble_lbs.c.o
LOAD _build/nrf52832_xxaa_softdevice_handler.c.o
LOAD /usr/local/gcc-arm-none-eabi-5_4-2016q3/bin/../lib/gcc/arm-none-eabi/5.4.1/../../../../arm-none-eabi/lib/armv7e-m/fpu/libm.a
START GROUP
LOAD /usr/local/gcc-arm-none-eabi-5_4-2016q3/bin/../lib/gcc/arm-none-eabi/5.4.1/armv7e-m/fpu/libgcc.a
LOAD /usr/local/gcc-arm-none-eabi-5_4-2016q3/bin/../lib/gcc/arm-none-eabi/5.4.1/../../../../arm-none-eabi/lib/armv7e-m/fpu/libc_nano.a
END GROUP
START GROUP
LOAD /usr/local/gcc-arm-none-eabi-5_4-2016q3/bin/../lib/gcc/arm-none-eabi/5.4.1/armv7e-m/fpu/libgcc.a
LOAD /usr/local/gcc-arm-none-eabi-5_4-2016q3/bin/../lib/gcc/arm-none-eabi/5.4.1/../../../../arm-none-eabi/lib/armv7e-m/fpu/libc_nano.a
END GROUP
LOAD /usr/local/gcc-arm-none-eabi-5_4-2016q3/bin/../lib/gcc/arm-none-eabi/5.4.1/armv7e-m/fpu/crtend.o
LOAD /usr/local/gcc-arm-none-eabi-5_4-2016q3/bin/../lib/gcc/arm-none-eabi/5.4.1/armv7e-m/fpu/crtn.o
START GROUP
LOAD /usr/local/gcc-arm-none-eabi-5_4-2016q3/bin/../lib/gcc/arm-none-eabi/5.4.1/armv7e-m/fpu/libgcc.a
LOAD /usr/local/gcc-arm-none-eabi-5_4-2016q3/bin/../lib/gcc/arm-none-eabi/5.4.1/../../../../arm-none-eabi/lib/armv7e-m/fpu/libc.a
LOAD /usr/local/gcc-arm-none-eabi-5_4-2016q3/bin/../lib/gcc/arm-none-eabi/5.4.1/../../../../arm-none-eabi/lib/armv7e-m/fpu/libnosys.a
END GROUP

.igot.plt       0x00000000200021a4        0x0 load address 0x00000000000227a8
 .igot.plt      0x00000000200021a4        0x0 /usr/local/gcc-arm-none-eabi-5_4-2016q3/bin/../lib/gcc/arm-none-eabi/5.4.1/armv7e-m/fpu/crtbegin.o

.fs_data        0x00000000200021a4        0x0
                [!provide]                        PROVIDE (__start_fs_data, .)
 *(.fs_data)
                [!provide]                        PROVIDE (__stop_fs_data, .)

.pwr_mgmt_data  0x00000000200021a4        0x0
                [!provide]                        PROVIDE (__start_pwr_mgmt_data, .)
 *(.pwr_mgmt_data)
                [!provide]                        PROVIDE (__stop_pwr_mgmt_data, .)

.bss            0x00000000200021a4      0x25c load address 0x00000000000227a8
                0x00000000200021a4                . = ALIGN (0x4)
                0x00000000200021a4                __bss_start__ = .
 *(.bss*)
 .bss           0x00000000200021a4       0x1c /usr/local/gcc-arm-none-eabi-5_4-2016q3/bin/../lib/gcc/arm-none-eabi/5.4.1/armv7e-m/fpu/crtbegin.o
 .bss.m_detection_delay
                0x00000000200021c0        0x4 _build/nrf52832_xxaa_app_button.c.o
 .bss.mp_buttons
                0x00000000200021c4        0x4 _build/nrf52832_xxaa_app_button.c.o
 .bss.m_button_count
                0x00000000200021c8        0x1 _build/nrf52832_xxaa_app_button.c.o
 *fill*         0x00000000200021c9        0x3 
 .bss.m_detection_delay_timer_id_data
                0x00000000200021cc       0x20 _build/nrf52832_xxaa_app_button.c.o
 .bss.m_pin_state
                0x00000000200021ec        0x4 _build/nrf52832_xxaa_app_button.c.o
 .bss.m_pin_transition
                0x00000000200021f0        0x4 _build/nrf52832_xxaa_app_button.c.o
 .bss.m_ticks_latest
                0x00000000200021f4        0x4 _build/nrf52832_xxaa_app_timer.c.o
 .bss.mp_timer_id_head
                0x00000000200021f8        0x4 _build/nrf52832_xxaa_app_timer.c.o
 .bss.m_evt_schedule_func
                0x00000000200021fc        0x4 _build/nrf52832_xxaa_app_timer.c.o
 .bss.m_ticks_elapsed_q_read_ind
                0x0000000020002200        0x1 _build/nrf52832_xxaa_app_timer.c.o
 .bss.m_ticks_elapsed_q_write_ind
                0x0000000020002201        0x1 _build/nrf52832_xxaa_app_timer.c.o
 .bss.m_rtc1_reset
                0x0000000020002202        0x1 _build/nrf52832_xxaa_app_timer.c.o
 *fill*         0x0000000020002203        0x1 
 .bss.m_op_queue
                0x0000000020002204        0x8 _build/nrf52832_xxaa_app_timer.c.o
 .bss.m_ticks_elapsed
                0x000000002000220c        0x8 _build/nrf52832_xxaa_app_timer.c.o
 .bss.m_rtc1_running
                0x0000000020002214        0x1 _build/nrf52832_xxaa_app_timer.c.o
 *fill*         0x0000000020002215        0x3 
 .bss.m_clock_cb
                0x0000000020002218       0x14 _build/nrf52832_xxaa_nrf_drv_clock.c.o
 .bss.m_cb      0x000000002000222c       0x58 _build/nrf52832_xxaa_nrf_drv_gpiote.c.o
 .bss.m_cb      0x0000000020002284       0x20 _build/nrf52832_xxaa_nrf_drv_uart.c.o
 .bss.m_lbs     0x00000000200022a4       0x1c _build/nrf52832_xxaa_main.c.o
 .bss.APP_TIMER_BUF.9143
                0x00000000200022c0       0x78 _build/nrf52832_xxaa_main.c.o
 .bss.BLE_EVT_BUFFER.9226
                0x0000000020002338       0x50 _build/nrf52832_xxaa_main.c.o
 .bss.m_change_param
                0x0000000020002388        0x1 _build/nrf52832_xxaa_ble_conn_params.c.o
 *fill*         0x0000000020002389        0x3 
 .bss.m_current_conn_params
                0x000000002000238c        0x8 _build/nrf52832_xxaa_ble_conn_params.c.o
 .bss.m_update_count
                0x0000000020002394        0x1 _build/nrf52832_xxaa_ble_conn_params.c.o
 *fill*         0x0000000020002395        0x3 
 .bss.m_conn_params_config
                0x0000000020002398       0x1c _build/nrf52832_xxaa_ble_conn_params.c.o
 .bss.m_conn_params_timer_id_data
                0x00000000200023b4       0x20 _build/nrf52832_xxaa_ble_conn_params.c.o
 .bss.m_conn_handle
                0x00000000200023d4        0x2 _build/nrf52832_xxaa_ble_conn_params.c.o
 *fill*         0x00000000200023d6        0x2 
 .bss.m_preferred_conn_params
                0x00000000200023d8        0x8 _build/nrf52832_xxaa_ble_conn_params.c.o
 .bss.m_suspended
                0x00000000200023e0        0x1 _build/nrf52832_xxaa_softdevice_handler.c.o
 .bss.m_softdevice_enabled
                0x00000000200023e1        0x1 _build/nrf52832_xxaa_softdevice_handler.c.o
 .bss.m_ble_evt_buffer_size
                0x00000000200023e2        0x2 _build/nrf52832_xxaa_softdevice_handler.c.o
 .bss.mp_ble_evt_buffer
                0x00000000200023e4        0x4 _build/nrf52832_xxaa_softdevice_handler.c.o
 .bss.m_sys_evt_handler
                0x00000000200023e8        0x4 _build/nrf52832_xxaa_softdevice_handler.c.o
 .bss.m_ble_evt_handler
                0x00000000200023ec        0x4 _build/nrf52832_xxaa_softdevice_handler.c.o
 .bss.m_evt_schedule_func
                0x00000000200023f0        0x4 _build/nrf52832_xxaa_softdevice_handler.c.o
 *(COMMON)
 COMMON         0x00000000200023f4        0xc _build/nrf52832_xxaa_app_util_platform.c.o
                0x00000000200023f4                nrf_nvic_state
                0x0000000020002400                . = ALIGN (0x4)
                0x0000000020002400                __bss_end__ = .

.heap           0x0000000020002400     0x2000
                0x0000000020002400                __HeapBase = .
                0x0000000020002400                __end__ = .
                [!provide]                        PROVIDE (end, .)
 *(.heap*)
 .heap          0x0000000020002400     0x2000 _build/nrf52832_xxaa_gcc_startup_nrf52.S.o
                0x0000000020004400                __HeapLimit = .

.stack_dummy    0x0000000020002400     0x2000
 *(.stack*)
 .stack         0x0000000020002400     0x2000 _build/nrf52832_xxaa_gcc_startup_nrf52.S.o
                0x0000000020010000                __StackTop = (ORIGIN (RAM) + LENGTH (RAM))
                0x000000002000e000                __StackLimit = (__StackTop - SIZEOF (.stack_dummy))
                0x0000000020010000                PROVIDE (__stack, __StackTop)
                0x0000000000000001                ASSERT ((__StackLimit >= __HeapLimit), region RAM overflowed with stack)
OUTPUT(_build/nrf52832_xxaa.out elf32-littlearm)

.ARM.attributes
                0x0000000000000000       0x30
 .ARM.attributes
                0x0000000000000000       0x22 /usr/local/gcc-arm-none-eabi-5_4-2016q3/bin/../lib/gcc/arm-none-eabi/5.4.1/armv7e-m/fpu/crti.o
 .ARM.attributes
                0x0000000000000022       0x34 /usr/local/gcc-arm-none-eabi-5_4-2016q3/bin/../lib/gcc/arm-none-eabi/5.4.1/armv7e-m/fpu/crtbegin.o
 .ARM.attributes
                0x0000000000000056       0x20 /usr/local/gcc-arm-none-eabi-5_4-2016q3/bin/../lib/gcc/arm-none-eabi/5.4.1/../../../../arm-none-eabi/lib/armv7e-m/fpu/crt0.o
 .ARM.attributes
                0x0000000000000076       0x34 /usr/local/gcc-arm-none-eabi-5_4-2016q3/bin/../lib/gcc/arm-none-eabi/5.4.1/../../../../arm-none-eabi/lib/armv7e-m/fpu/libc_nano.a(lib_a-exit.o)
 .ARM.attributes
                0x00000000000000aa       0x34 /usr/local/gcc-arm-none-eabi-5_4-2016q3/bin/../lib/gcc/arm-none-eabi/5.4.1/../../../../arm-none-eabi/lib/armv7e-m/fpu/libc_nano.a(lib_a-impure.o)
 .ARM.attributes
                0x00000000000000de       0x34 /usr/local/gcc-arm-none-eabi-5_4-2016q3/bin/../lib/gcc/arm-none-eabi/5.4.1/../../../../arm-none-eabi/lib/armv7e-m/fpu/libc_nano.a(lib_a-init.o)
 .ARM.attributes
                0x0000000000000112       0x34 /usr/local/gcc-arm-none-eabi-5_4-2016q3/bin/../lib/gcc/arm-none-eabi/5.4.1/../../../../arm-none-eabi/lib/armv7e-m/fpu/libc_nano.a(lib_a-memset.o)
 .ARM.attributes
                0x0000000000000146       0x34 /usr/local/gcc-arm-none-eabi-5_4-2016q3/bin/../lib/gcc/arm-none-eabi/5.4.1/../../../../arm-none-eabi/lib/armv7e-m/fpu/libnosys.a(_exit.o)
 .ARM.attributes
                0x000000000000017a       0x39 _build/nrf52832_xxaa_app_button.c.o
 .ARM.attributes
                0x00000000000001b3       0x39 _build/nrf52832_xxaa_app_error.c.o
 .ARM.attributes
                0x00000000000001ec       0x39 _build/nrf52832_xxaa_app_error_weak.c.o
 .ARM.attributes
                0x0000000000000225       0x39 _build/nrf52832_xxaa_app_timer.c.o
 .ARM.attributes
                0x000000000000025e       0x39 _build/nrf52832_xxaa_app_util_platform.c.o
 .ARM.attributes
                0x0000000000000297       0x39 _build/nrf52832_xxaa_boards.c.o
 .ARM.attributes
                0x00000000000002d0       0x39 _build/nrf52832_xxaa_nrf_drv_clock.c.o
 .ARM.attributes
                0x0000000000000309       0x39 _build/nrf52832_xxaa_nrf_drv_common.c.o
 .ARM.attributes
                0x0000000000000342       0x39 _build/nrf52832_xxaa_nrf_drv_gpiote.c.o
 .ARM.attributes
                0x000000000000037b       0x39 _build/nrf52832_xxaa_nrf_drv_uart.c.o
 .ARM.attributes
                0x00000000000003b4       0x39 _build/nrf52832_xxaa_main.c.o
 .ARM.attributes
                0x00000000000003ed       0x39 _build/nrf52832_xxaa_ble_advdata.c.o
 .ARM.attributes
                0x0000000000000426       0x39 _build/nrf52832_xxaa_ble_conn_params.c.o
 .ARM.attributes
                0x000000000000045f       0x39 _build/nrf52832_xxaa_ble_srv_common.c.o
 .ARM.attributes
                0x0000000000000498       0x1c _build/nrf52832_xxaa_gcc_startup_nrf52.S.o
 .ARM.attributes
                0x00000000000004b4       0x39 _build/nrf52832_xxaa_system_nrf52.c.o
 .ARM.attributes
                0x00000000000004ed       0x39 _build/nrf52832_xxaa_ble_lbs.c.o
 .ARM.attributes
                0x0000000000000526       0x39 _build/nrf52832_xxaa_softdevice_handler.c.o
 .ARM.attributes
                0x000000000000055f       0x34 /usr/local/gcc-arm-none-eabi-5_4-2016q3/bin/../lib/gcc/arm-none-eabi/5.4.1/../../../../arm-none-eabi/lib/armv7e-m/fpu/libc_nano.a(lib_a-memcpy-stub.o)
 .ARM.attributes
                0x0000000000000593       0x1b /usr/local/gcc-arm-none-eabi-5_4-2016q3/bin/../lib/gcc/arm-none-eabi/5.4.1/../../../../arm-none-eabi/lib/armv7e-m/fpu/libc_nano.a(lib_a-strlen.o)
 .ARM.attributes
                0x00000000000005ae       0x34 /usr/local/gcc-arm-none-eabi-5_4-2016q3/bin/../lib/gcc/arm-none-eabi/5.4.1/armv7e-m/fpu/crtend.o
 .ARM.attributes
                0x00000000000005e2       0x22 /usr/local/gcc-arm-none-eabi-5_4-2016q3/bin/../lib/gcc/arm-none-eabi/5.4.1/armv7e-m/fpu/crtn.o

.comment        0x0000000000000000       0x6e
 .comment       0x0000000000000000       0x6e _build/nrf52832_xxaa_app_button.c.o
                                         0x6f (size before relaxing)
 .comment       0x000000000000006e       0x6f _build/nrf52832_xxaa_app_error.c.o
 .comment       0x000000000000006e       0x6f _build/nrf52832_xxaa_app_error_weak.c.o
 .comment       0x000000000000006e       0x6f _build/nrf52832_xxaa_app_timer.c.o
 .comment       0x000000000000006e       0x6f _build/nrf52832_xxaa_app_util_platform.c.o
 .comment       0x000000000000006e       0x6f _build/nrf52832_xxaa_boards.c.o
 .comment       0x000000000000006e       0x6f _build/nrf52832_xxaa_nrf_drv_clock.c.o
 .comment       0x000000000000006e       0x6f _build/nrf52832_xxaa_nrf_drv_common.c.o
 .comment       0x000000000000006e       0x6f _build/nrf52832_xxaa_nrf_drv_gpiote.c.o
 .comment       0x000000000000006e       0x6f _build/nrf52832_xxaa_nrf_drv_uart.c.o
 .comment       0x000000000000006e       0x6f _build/nrf52832_xxaa_main.c.o
 .comment       0x000000000000006e       0x6f _build/nrf52832_xxaa_ble_advdata.c.o
 .comment       0x000000000000006e       0x6f _build/nrf52832_xxaa_ble_conn_params.c.o
 .comment       0x000000000000006e       0x6f _build/nrf52832_xxaa_ble_srv_common.c.o
 .comment       0x000000000000006e       0x6f _build/nrf52832_xxaa_system_nrf52.c.o
 .comment       0x000000000000006e       0x6f _build/nrf52832_xxaa_ble_lbs.c.o
 .comment       0x000000000000006e       0x6f _build/nrf52832_xxaa_softdevice_handler.c.o

.debug_frame    0x0000000000000000     0x1254
 .debug_frame   0x0000000000000000       0x28 /usr/local/gcc-arm-none-eabi-5_4-2016q3/bin/../lib/gcc/arm-none-eabi/5.4.1/../../../../arm-none-eabi/lib/armv7e-m/fpu/libc_nano.a(lib_a-exit.o)
 .debug_frame   0x0000000000000028       0x2c /usr/local/gcc-arm-none-eabi-5_4-2016q3/bin/../lib/gcc/arm-none-eabi/5.4.1/../../../../arm-none-eabi/lib/armv7e-m/fpu/libc_nano.a(lib_a-init.o)
 .debug_frame   0x0000000000000054       0x20 /usr/local/gcc-arm-none-eabi-5_4-2016q3/bin/../lib/gcc/arm-none-eabi/5.4.1/../../../../arm-none-eabi/lib/armv7e-m/fpu/libc_nano.a(lib_a-memset.o)
 .debug_frame   0x0000000000000074       0x20 /usr/local/gcc-arm-none-eabi-5_4-2016q3/bin/../lib/gcc/arm-none-eabi/5.4.1/../../../../arm-none-eabi/lib/armv7e-m/fpu/libnosys.a(_exit.o)
 .debug_frame   0x0000000000000094       0xe0 _build/nrf52832_xxaa_app_button.c.o
 .debug_frame   0x0000000000000174       0x70 _build/nrf52832_xxaa_app_error.c.o
 .debug_frame   0x00000000000001e4       0x20 _build/nrf52832_xxaa_app_error_weak.c.o
 .debug_frame   0x0000000000000204      0x144 _build/nrf52832_xxaa_app_timer.c.o
 .debug_frame   0x0000000000000348       0x74 _build/nrf52832_xxaa_app_util_platform.c.o
 .debug_frame   0x00000000000003bc      0x104 _build/nrf52832_xxaa_boards.c.o
 .debug_frame   0x00000000000004c0      0x1f8 _build/nrf52832_xxaa_nrf_drv_clock.c.o
 .debug_frame   0x00000000000006b8       0x3c _build/nrf52832_xxaa_nrf_drv_common.c.o
 .debug_frame   0x00000000000006f4      0x25c _build/nrf52832_xxaa_nrf_drv_gpiote.c.o
 .debug_frame   0x0000000000000950      0x1b0 _build/nrf52832_xxaa_nrf_drv_uart.c.o
 .debug_frame   0x0000000000000b00      0x164 _build/nrf52832_xxaa_main.c.o
 .debug_frame   0x0000000000000c64      0x100 _build/nrf52832_xxaa_ble_advdata.c.o
 .debug_frame   0x0000000000000d64      0x138 _build/nrf52832_xxaa_ble_conn_params.c.o
 .debug_frame   0x0000000000000e9c       0xcc _build/nrf52832_xxaa_ble_srv_common.c.o
 .debug_frame   0x0000000000000f68       0x48 _build/nrf52832_xxaa_system_nrf52.c.o
 .debug_frame   0x0000000000000fb0       0xc0 _build/nrf52832_xxaa_ble_lbs.c.o
 .debug_frame   0x0000000000001070      0x1bc _build/nrf52832_xxaa_softdevice_handler.c.o
 .debug_frame   0x000000000000122c       0x28 /usr/local/gcc-arm-none-eabi-5_4-2016q3/bin/../lib/gcc/arm-none-eabi/5.4.1/../../../../arm-none-eabi/lib/armv7e-m/fpu/libc_nano.a(lib_a-memcpy-stub.o)

.debug_info     0x0000000000000000    0x18cb9
 .debug_info    0x0000000000000000      0x625 _build/nrf52832_xxaa_app_button.c.o
 .debug_info    0x0000000000000625      0x34f _build/nrf52832_xxaa_app_error.c.o
 .debug_info    0x0000000000000974      0x331 _build/nrf52832_xxaa_app_error_weak.c.o
 .debug_info    0x0000000000000ca5     0x1bc6 _build/nrf52832_xxaa_app_timer.c.o
 .debug_info    0x000000000000286b      0x644 _build/nrf52832_xxaa_app_util_platform.c.o
 .debug_info    0x0000000000002eaf      0xbf8 _build/nrf52832_xxaa_boards.c.o
 .debug_info    0x0000000000003aa7     0x1718 _build/nrf52832_xxaa_nrf_drv_clock.c.o
 .debug_info    0x00000000000051bf      0x6c6 _build/nrf52832_xxaa_nrf_drv_common.c.o
 .debug_info    0x0000000000005885     0x2787 _build/nrf52832_xxaa_nrf_drv_gpiote.c.o
 .debug_info    0x000000000000800c     0x432e _build/nrf52832_xxaa_nrf_drv_uart.c.o
 .debug_info    0x000000000000c33a     0x3390 _build/nrf52832_xxaa_main.c.o
 .debug_info    0x000000000000f6ca     0x1b20 _build/nrf52832_xxaa_ble_advdata.c.o
 .debug_info    0x00000000000111ea     0x1c56 _build/nrf52832_xxaa_ble_conn_params.c.o
 .debug_info    0x0000000000012e40      0xc8f _build/nrf52832_xxaa_ble_srv_common.c.o
 .debug_info    0x0000000000013acf      0xe06 _build/nrf52832_xxaa_system_nrf52.c.o
 .debug_info    0x00000000000148d5     0x1e10 _build/nrf52832_xxaa_ble_lbs.c.o
 .debug_info    0x00000000000166e5     0x25d4 _build/nrf52832_xxaa_softdevice_handler.c.o

.debug_abbrev   0x0000000000000000     0x331a
 .debug_abbrev  0x0000000000000000      0x1e1 _build/nrf52832_xxaa_app_button.c.o
 .debug_abbrev  0x00000000000001e1      0x13a _build/nrf52832_xxaa_app_error.c.o
 .debug_abbrev  0x000000000000031b      0x13a _build/nrf52832_xxaa_app_error_weak.c.o
 .debug_abbrev  0x0000000000000455      0x405 _build/nrf52832_xxaa_app_timer.c.o
 .debug_abbrev  0x000000000000085a      0x232 _build/nrf52832_xxaa_app_util_platform.c.o
 .debug_abbrev  0x0000000000000a8c      0x269 _build/nrf52832_xxaa_boards.c.o
 .debug_abbrev  0x0000000000000cf5      0x471 _build/nrf52832_xxaa_nrf_drv_clock.c.o
 .debug_abbrev  0x0000000000001166      0x1ad _build/nrf52832_xxaa_nrf_drv_common.c.o
 .debug_abbrev  0x0000000000001313      0x41f _build/nrf52832_xxaa_nrf_drv_gpiote.c.o
 .debug_abbrev  0x0000000000001732      0x3ce _build/nrf52832_xxaa_nrf_drv_uart.c.o
 .debug_abbrev  0x0000000000001b00      0x435 _build/nrf52832_xxaa_main.c.o
 .debug_abbrev  0x0000000000001f35      0x369 _build/nrf52832_xxaa_ble_advdata.c.o
 .debug_abbrev  0x000000000000229e      0x427 _build/nrf52832_xxaa_ble_conn_params.c.o
 .debug_abbrev  0x00000000000026c5      0x24f _build/nrf52832_xxaa_ble_srv_common.c.o
 .debug_abbrev  0x0000000000002914      0x1e7 _build/nrf52832_xxaa_system_nrf52.c.o
 .debug_abbrev  0x0000000000002afb      0x33c _build/nrf52832_xxaa_ble_lbs.c.o
 .debug_abbrev  0x0000000000002e37      0x4e3 _build/nrf52832_xxaa_softdevice_handler.c.o

.debug_loc      0x0000000000000000     0x9f00
 .debug_loc     0x0000000000000000      0x37f _build/nrf52832_xxaa_app_button.c.o
 .debug_loc     0x000000000000037f      0x145 _build/nrf52832_xxaa_app_error.c.o
 .debug_loc     0x00000000000004c4       0x42 _build/nrf52832_xxaa_app_error_weak.c.o
 .debug_loc     0x0000000000000506      0xd2a _build/nrf52832_xxaa_app_timer.c.o
 .debug_loc     0x0000000000001230       0x44 _build/nrf52832_xxaa_app_util_platform.c.o
 .debug_loc     0x0000000000001274      0x885 _build/nrf52832_xxaa_boards.c.o
 .debug_loc     0x0000000000001af9      0x511 _build/nrf52832_xxaa_nrf_drv_clock.c.o
 .debug_loc     0x000000000000200a       0xea _build/nrf52832_xxaa_nrf_drv_common.c.o
 .debug_loc     0x00000000000020f4     0x2403 _build/nrf52832_xxaa_nrf_drv_gpiote.c.o
 .debug_loc     0x00000000000044f7     0x26cf _build/nrf52832_xxaa_nrf_drv_uart.c.o
 .debug_loc     0x0000000000006bc6      0x701 _build/nrf52832_xxaa_main.c.o
 .debug_loc     0x00000000000072c7     0x1acf _build/nrf52832_xxaa_ble_advdata.c.o
 .debug_loc     0x0000000000008d96      0x3ba _build/nrf52832_xxaa_ble_conn_params.c.o
 .debug_loc     0x0000000000009150      0x56c _build/nrf52832_xxaa_ble_srv_common.c.o
 .debug_loc     0x00000000000096bc      0x2f0 _build/nrf52832_xxaa_ble_lbs.c.o
 .debug_loc     0x00000000000099ac      0x554 _build/nrf52832_xxaa_softdevice_handler.c.o

.debug_aranges  0x0000000000000000      0x6b8
 .debug_aranges
                0x0000000000000000       0x48 _build/nrf52832_xxaa_app_button.c.o
 .debug_aranges
                0x0000000000000048       0x30 _build/nrf52832_xxaa_app_error.c.o
 .debug_aranges
                0x0000000000000078       0x20 _build/nrf52832_xxaa_app_error_weak.c.o
 .debug_aranges
                0x0000000000000098       0x60 _build/nrf52832_xxaa_app_timer.c.o
 .debug_aranges
                0x00000000000000f8       0x38 _build/nrf52832_xxaa_app_util_platform.c.o
 .debug_aranges
                0x0000000000000130       0x80 _build/nrf52832_xxaa_boards.c.o
 .debug_aranges
                0x00000000000001b0       0xb0 _build/nrf52832_xxaa_nrf_drv_clock.c.o
 .debug_aranges
                0x0000000000000260       0x28 _build/nrf52832_xxaa_nrf_drv_common.c.o
 .debug_aranges
                0x0000000000000288       0xd8 _build/nrf52832_xxaa_nrf_drv_gpiote.c.o
 .debug_aranges
                0x0000000000000360       0x70 _build/nrf52832_xxaa_nrf_drv_uart.c.o
 .debug_aranges
                0x00000000000003d0       0xa0 _build/nrf52832_xxaa_main.c.o
 .debug_aranges
                0x0000000000000470       0x58 _build/nrf52832_xxaa_ble_advdata.c.o
 .debug_aranges
                0x00000000000004c8       0x68 _build/nrf52832_xxaa_ble_conn_params.c.o
 .debug_aranges
                0x0000000000000530       0x58 _build/nrf52832_xxaa_ble_srv_common.c.o
 .debug_aranges
                0x0000000000000588       0x28 _build/nrf52832_xxaa_system_nrf52.c.o
 .debug_aranges
                0x00000000000005b0       0x50 _build/nrf52832_xxaa_ble_lbs.c.o
 .debug_aranges
                0x0000000000000600       0xb8 _build/nrf52832_xxaa_softdevice_handler.c.o

.debug_ranges   0x0000000000000000     0x26a8
 .debug_ranges  0x0000000000000000       0xa0 _build/nrf52832_xxaa_app_button.c.o
 .debug_ranges  0x00000000000000a0       0x20 _build/nrf52832_xxaa_app_error.c.o
 .debug_ranges  0x00000000000000c0       0x10 _build/nrf52832_xxaa_app_error_weak.c.o
 .debug_ranges  0x00000000000000d0      0x4d8 _build/nrf52832_xxaa_app_timer.c.o
 .debug_ranges  0x00000000000005a8       0x58 _build/nrf52832_xxaa_app_util_platform.c.o
 .debug_ranges  0x0000000000000600      0x130 _build/nrf52832_xxaa_boards.c.o
 .debug_ranges  0x0000000000000730      0x3d0 _build/nrf52832_xxaa_nrf_drv_clock.c.o
 .debug_ranges  0x0000000000000b00       0x38 _build/nrf52832_xxaa_nrf_drv_common.c.o
 .debug_ranges  0x0000000000000b38      0xa18 _build/nrf52832_xxaa_nrf_drv_gpiote.c.o
 .debug_ranges  0x0000000000001550      0x7b8 _build/nrf52832_xxaa_nrf_drv_uart.c.o
 .debug_ranges  0x0000000000001d08      0x128 _build/nrf52832_xxaa_main.c.o
 .debug_ranges  0x0000000000001e30      0x310 _build/nrf52832_xxaa_ble_advdata.c.o
 .debug_ranges  0x0000000000002140       0xd0 _build/nrf52832_xxaa_ble_conn_params.c.o
 .debug_ranges  0x0000000000002210      0x160 _build/nrf52832_xxaa_ble_srv_common.c.o
 .debug_ranges  0x0000000000002370      0x108 _build/nrf52832_xxaa_system_nrf52.c.o
 .debug_ranges  0x0000000000002478       0x60 _build/nrf52832_xxaa_ble_lbs.c.o
 .debug_ranges  0x00000000000024d8      0x1d0 _build/nrf52832_xxaa_softdevice_handler.c.o

.debug_macro    0x0000000000000000     0x62b5
 .debug_macro   0x0000000000000000      0x306 _build/nrf52832_xxaa_app_button.c.o
 .debug_macro   0x0000000000000306       0x1c _build/nrf52832_xxaa_app_button.c.o
 .debug_macro   0x0000000000000322       0x10 _build/nrf52832_xxaa_app_button.c.o
 .debug_macro   0x0000000000000332       0x10 _build/nrf52832_xxaa_app_button.c.o
 .debug_macro   0x0000000000000342       0xb6 _build/nrf52832_xxaa_app_button.c.o
 .debug_macro   0x00000000000003f8       0x16 _build/nrf52832_xxaa_app_button.c.o
 .debug_macro   0x000000000000040e      0x145 _build/nrf52832_xxaa_app_button.c.o
 .debug_macro   0x0000000000000553       0x2b _build/nrf52832_xxaa_app_button.c.o
 .debug_macro   0x000000000000057e      0x296 _build/nrf52832_xxaa_app_button.c.o
 .debug_macro   0x0000000000000814       0x10 _build/nrf52832_xxaa_app_button.c.o
 .debug_macro   0x0000000000000824       0x16 _build/nrf52832_xxaa_app_button.c.o
 .debug_macro   0x000000000000083a       0x22 _build/nrf52832_xxaa_app_button.c.o
 .debug_macro   0x000000000000085c       0x16 _build/nrf52832_xxaa_app_button.c.o
 .debug_macro   0x0000000000000872       0x1c _build/nrf52832_xxaa_app_button.c.o
 .debug_macro   0x000000000000088e       0x36 _build/nrf52832_xxaa_app_button.c.o
 .debug_macro   0x00000000000008c4       0x1f _build/nrf52832_xxaa_app_button.c.o
 .debug_macro   0x00000000000008e3       0x30 _build/nrf52832_xxaa_app_button.c.o
 .debug_macro   0x0000000000000913      0x29b _build/nrf52832_xxaa_app_error.c.o
 .debug_macro   0x0000000000000bae       0x35 _build/nrf52832_xxaa_app_error.c.o
 .debug_macro   0x0000000000000be3       0x22 _build/nrf52832_xxaa_app_error.c.o
 .debug_macro   0x0000000000000c05       0x16 _build/nrf52832_xxaa_app_error.c.o
 .debug_macro   0x0000000000000c1b       0x97 _build/nrf52832_xxaa_app_error.c.o
 .debug_macro   0x0000000000000cb2       0xf6 _build/nrf52832_xxaa_app_error.c.o
 .debug_macro   0x0000000000000da8       0x22 _build/nrf52832_xxaa_app_error.c.o
 .debug_macro   0x0000000000000dca       0x16 _build/nrf52832_xxaa_app_error.c.o
 .debug_macro   0x0000000000000de0      0x39b _build/nrf52832_xxaa_app_error.c.o
 .debug_macro   0x000000000000117b      0x170 _build/nrf52832_xxaa_app_error.c.o
 .debug_macro   0x00000000000012eb       0x5a _build/nrf52832_xxaa_app_error.c.o
 .debug_macro   0x0000000000001345       0x28 _build/nrf52832_xxaa_app_error.c.o
 .debug_macro   0x000000000000136d       0x22 _build/nrf52832_xxaa_app_error.c.o
 .debug_macro   0x000000000000138f      0x29b _build/nrf52832_xxaa_app_error_weak.c.o
 .debug_macro   0x000000000000162a       0x1c _build/nrf52832_xxaa_app_error_weak.c.o
 .debug_macro   0x0000000000001646      0x332 _build/nrf52832_xxaa_app_timer.c.o
 .debug_macro   0x0000000000001978       0x16 _build/nrf52832_xxaa_app_timer.c.o
 .debug_macro   0x000000000000198e       0x40 _build/nrf52832_xxaa_app_timer.c.o
 .debug_macro   0x00000000000019ce       0x64 _build/nrf52832_xxaa_app_timer.c.o
 .debug_macro   0x0000000000001a32       0x10 _build/nrf52832_xxaa_app_timer.c.o
 .debug_macro   0x0000000000001a42       0x2e _build/nrf52832_xxaa_app_timer.c.o
 .debug_macro   0x0000000000001a70       0x77 _build/nrf52832_xxaa_app_timer.c.o
 .debug_macro   0x0000000000001ae7      0x26e _build/nrf52832_xxaa_app_util_platform.c.o
 .debug_macro   0x0000000000001d55      0x292 _build/nrf52832_xxaa_boards.c.o
 .debug_macro   0x0000000000001fe7      0x261 _build/nrf52832_xxaa_boards.c.o
 .debug_macro   0x0000000000002248      0x115 _build/nrf52832_xxaa_boards.c.o
 .debug_macro   0x000000000000235d      0x42c _build/nrf52832_xxaa_nrf_drv_clock.c.o
 .debug_macro   0x0000000000002789       0x10 _build/nrf52832_xxaa_nrf_drv_clock.c.o
 .debug_macro   0x0000000000002799       0x28 _build/nrf52832_xxaa_nrf_drv_clock.c.o
 .debug_macro   0x00000000000027c1       0x1c _build/nrf52832_xxaa_nrf_drv_clock.c.o
 .debug_macro   0x00000000000027dd       0xdb _build/nrf52832_xxaa_nrf_drv_clock.c.o
 .debug_macro   0x00000000000028b8       0xca _build/nrf52832_xxaa_nrf_drv_clock.c.o
 .debug_macro   0x0000000000002982      0x1fb _build/nrf52832_xxaa_nrf_drv_clock.c.o
 .debug_macro   0x0000000000002b7d      0x424 _build/nrf52832_xxaa_nrf_drv_clock.c.o
 .debug_macro   0x0000000000002fa1       0x40 _build/nrf52832_xxaa_nrf_drv_clock.c.o
 .debug_macro   0x0000000000002fe1       0x22 _build/nrf52832_xxaa_nrf_drv_clock.c.o
 .debug_macro   0x0000000000003003      0x1f7 _build/nrf52832_xxaa_nrf_drv_clock.c.o
 .debug_macro   0x00000000000031fa       0x1c _build/nrf52832_xxaa_nrf_drv_clock.c.o
 .debug_macro   0x0000000000003216       0xdc _build/nrf52832_xxaa_nrf_drv_clock.c.o
 .debug_macro   0x00000000000032f2       0x2c _build/nrf52832_xxaa_nrf_drv_clock.c.o
 .debug_macro   0x000000000000331e       0x16 _build/nrf52832_xxaa_nrf_drv_clock.c.o
 .debug_macro   0x0000000000003334       0x10 _build/nrf52832_xxaa_nrf_drv_clock.c.o
 .debug_macro   0x0000000000003344      0x1bf _build/nrf52832_xxaa_nrf_drv_clock.c.o
 .debug_macro   0x0000000000003503       0x1c _build/nrf52832_xxaa_nrf_drv_clock.c.o
 .debug_macro   0x000000000000351f       0x16 _build/nrf52832_xxaa_nrf_drv_clock.c.o
 .debug_macro   0x0000000000003535      0x176 _build/nrf52832_xxaa_nrf_drv_clock.c.o
 .debug_macro   0x00000000000036ab      0x2d8 _build/nrf52832_xxaa_nrf_drv_common.c.o
 .debug_macro   0x0000000000003983       0x22 _build/nrf52832_xxaa_nrf_drv_common.c.o
 .debug_macro   0x00000000000039a5      0x3ba _build/nrf52832_xxaa_nrf_drv_gpiote.c.o
 .debug_macro   0x0000000000003d5f       0x16 _build/nrf52832_xxaa_nrf_drv_gpiote.c.o
 .debug_macro   0x0000000000003d75      0x3a7 _build/nrf52832_xxaa_nrf_drv_uart.c.o
 .debug_macro   0x000000000000411c       0x10 _build/nrf52832_xxaa_nrf_drv_uart.c.o
 .debug_macro   0x000000000000412c       0x43 _build/nrf52832_xxaa_nrf_drv_uart.c.o
 .debug_macro   0x000000000000416f      0x4e8 _build/nrf52832_xxaa_main.c.o
 .debug_macro   0x0000000000004657      0x41e _build/nrf52832_xxaa_main.c.o
 .debug_macro   0x0000000000004a75       0x3a _build/nrf52832_xxaa_main.c.o
 .debug_macro   0x0000000000004aaf       0xa6 _build/nrf52832_xxaa_main.c.o
 .debug_macro   0x0000000000004b55      0x2ea _build/nrf52832_xxaa_main.c.o
 .debug_macro   0x0000000000004e3f       0x6a _build/nrf52832_xxaa_main.c.o
 .debug_macro   0x0000000000004ea9       0x46 _build/nrf52832_xxaa_main.c.o
 .debug_macro   0x0000000000004eef       0x1c _build/nrf52832_xxaa_main.c.o
 .debug_macro   0x0000000000004f0b       0x3c _build/nrf52832_xxaa_main.c.o
 .debug_macro   0x0000000000004f47       0x22 _build/nrf52832_xxaa_main.c.o
 .debug_macro   0x0000000000004f69       0x2e _build/nrf52832_xxaa_main.c.o
 .debug_macro   0x0000000000004f97      0x2a2 _build/nrf52832_xxaa_ble_advdata.c.o
 .debug_macro   0x0000000000005239       0x64 _build/nrf52832_xxaa_ble_advdata.c.o
 .debug_macro   0x000000000000529d      0x307 _build/nrf52832_xxaa_ble_conn_params.c.o
 .debug_macro   0x00000000000055a4      0x10e _build/nrf52832_xxaa_ble_conn_params.c.o
 .debug_macro   0x00000000000056b2       0x86 _build/nrf52832_xxaa_ble_conn_params.c.o
 .debug_macro   0x0000000000005738      0x2d7 _build/nrf52832_xxaa_ble_srv_common.c.o
 .debug_macro   0x0000000000005a0f       0xf5 _build/nrf52832_xxaa_system_nrf52.c.o
 .debug_macro   0x0000000000005b04      0x296 _build/nrf52832_xxaa_ble_lbs.c.o
 .debug_macro   0x0000000000005d9a       0x1c _build/nrf52832_xxaa_ble_lbs.c.o
 .debug_macro   0x0000000000005db6      0x404 _build/nrf52832_xxaa_softdevice_handler.c.o
 .debug_macro   0x00000000000061ba       0x4c _build/nrf52832_xxaa_softdevice_handler.c.o
 .debug_macro   0x0000000000006206       0x55 _build/nrf52832_xxaa_softdevice_handler.c.o
 .debug_macro   0x000000000000625b       0x4a _build/nrf52832_xxaa_softdevice_handler.c.o
 .debug_macro   0x00000000000062a5       0x10 _build/nrf52832_xxaa_softdevice_handler.c.o

.debug_line     0x0000000000000000     0x9f33
 .debug_line    0x0000000000000000      0x7c5 _build/nrf52832_xxaa_app_button.c.o
 .debug_line    0x00000000000007c5      0x664 _build/nrf52832_xxaa_app_error.c.o
 .debug_line    0x0000000000000e29      0x626 _build/nrf52832_xxaa_app_error_weak.c.o
 .debug_line    0x000000000000144f      0xaf9 _build/nrf52832_xxaa_app_timer.c.o
 .debug_line    0x0000000000001f48      0x5e4 _build/nrf52832_xxaa_app_util_platform.c.o
 .debug_line    0x000000000000252c      0x75e _build/nrf52832_xxaa_boards.c.o
 .debug_line    0x0000000000002c8a      0xca6 _build/nrf52832_xxaa_nrf_drv_clock.c.o
 .debug_line    0x0000000000003930      0x6a2 _build/nrf52832_xxaa_nrf_drv_common.c.o
 .debug_line    0x0000000000003fd2     0x10fa _build/nrf52832_xxaa_nrf_drv_gpiote.c.o
 .debug_line    0x00000000000050cc     0x11ce _build/nrf52832_xxaa_nrf_drv_uart.c.o
 .debug_line    0x000000000000629a      0xc48 _build/nrf52832_xxaa_main.c.o
 .debug_line    0x0000000000006ee2      0x9d8 _build/nrf52832_xxaa_ble_advdata.c.o
 .debug_line    0x00000000000078ba      0x7db _build/nrf52832_xxaa_ble_conn_params.c.o
 .debug_line    0x0000000000008095      0x7b1 _build/nrf52832_xxaa_ble_srv_common.c.o
 .debug_line    0x0000000000008846      0x46c _build/nrf52832_xxaa_system_nrf52.c.o
 .debug_line    0x0000000000008cb2      0x73c _build/nrf52832_xxaa_ble_lbs.c.o
 .debug_line    0x00000000000093ee      0xb45 _build/nrf52832_xxaa_softdevice_handler.c.o

.debug_str      0x0000000000000000    0x77525
 .debug_str     0x0000000000000000    0x640ab _build/nrf52832_xxaa_app_button.c.o
                                      0x64c8c (size before relaxing)
 .debug_str     0x00000000000640ab     0x19b5 _build/nrf52832_xxaa_app_error.c.o
                                      0x650f4 (size before relaxing)
 .debug_str     0x0000000000065a60       0xea _build/nrf52832_xxaa_app_error_weak.c.o
                                      0x6507d (size before relaxing)
 .debug_str     0x0000000000065b4a     0x16b2 _build/nrf52832_xxaa_app_timer.c.o
                                      0x654b1 (size before relaxing)
 .debug_str     0x00000000000671fc      0x167 _build/nrf52832_xxaa_app_util_platform.c.o
                                      0x61360 (size before relaxing)
 .debug_str     0x0000000000067363     0x137b _build/nrf52832_xxaa_boards.c.o
                                      0x61ec3 (size before relaxing)
 .debug_str     0x00000000000686de     0x6fe4 _build/nrf52832_xxaa_nrf_drv_clock.c.o
                                      0x6cf41 (size before relaxing)
 .debug_str     0x000000000006f6c2       0x6e _build/nrf52832_xxaa_nrf_drv_common.c.o
                                      0x64eb6 (size before relaxing)
 .debug_str     0x000000000006f730      0xece _build/nrf52832_xxaa_nrf_drv_gpiote.c.o
                                      0x680c3 (size before relaxing)
 .debug_str     0x00000000000705fe     0x1805 _build/nrf52832_xxaa_nrf_drv_uart.c.o
                                      0x683b4 (size before relaxing)
 .debug_str     0x0000000000071e03     0x438a _build/nrf52832_xxaa_main.c.o
                                      0x719b9 (size before relaxing)
 .debug_str     0x000000000007618d      0x39c _build/nrf52832_xxaa_ble_advdata.c.o
                                      0x68cf1 (size before relaxing)
 .debug_str     0x0000000000076529      0x1f9 _build/nrf52832_xxaa_ble_conn_params.c.o
                                      0x6a345 (size before relaxing)
 .debug_str     0x0000000000076722      0x479 _build/nrf52832_xxaa_ble_srv_common.c.o
                                      0x68c1c (size before relaxing)
 .debug_str     0x0000000000076b9b      0x28d _build/nrf52832_xxaa_system_nrf52.c.o
                                      0x5ba95 (size before relaxing)
 .debug_str     0x0000000000076e28      0x111 _build/nrf52832_xxaa_ble_lbs.c.o
                                      0x6948b (size before relaxing)
 .debug_str     0x0000000000076f39      0x5ec _build/nrf52832_xxaa_softdevice_handler.c.o
                                      0x6d6ef (size before relaxing)
