Archive member included to satisfy reference by file (symbol)

/usr/local/gcc-arm-none-eabi-5_4-2016q3/bin/../lib/gcc/arm-none-eabi/5.4.1/../../../../arm-none-eabi/lib/armv7e-m/fpu/libc_nano.a(lib_a-exit.o)
                              /usr/local/gcc-arm-none-eabi-5_4-2016q3/bin/../lib/gcc/arm-none-eabi/5.4.1/../../../../arm-none-eabi/lib/armv7e-m/fpu/crt0.o (exit)
/usr/local/gcc-arm-none-eabi-5_4-2016q3/bin/../lib/gcc/arm-none-eabi/5.4.1/../../../../arm-none-eabi/lib/armv7e-m/fpu/libc_nano.a(lib_a-impure.o)
                              /usr/local/gcc-arm-none-eabi-5_4-2016q3/bin/../lib/gcc/arm-none-eabi/5.4.1/../../../../arm-none-eabi/lib/armv7e-m/fpu/libc_nano.a(lib_a-exit.o) (_global_impure_ptr)
/usr/local/gcc-arm-none-eabi-5_4-2016q3/bin/../lib/gcc/arm-none-eabi/5.4.1/../../../../arm-none-eabi/lib/armv7e-m/fpu/libc_nano.a(lib_a-init.o)
                              /usr/local/gcc-arm-none-eabi-5_4-2016q3/bin/../lib/gcc/arm-none-eabi/5.4.1/../../../../arm-none-eabi/lib/armv7e-m/fpu/crt0.o (__libc_init_array)
/usr/local/gcc-arm-none-eabi-5_4-2016q3/bin/../lib/gcc/arm-none-eabi/5.4.1/../../../../arm-none-eabi/lib/armv7e-m/fpu/libc_nano.a(lib_a-memset.o)
                              /usr/local/gcc-arm-none-eabi-5_4-2016q3/bin/../lib/gcc/arm-none-eabi/5.4.1/../../../../arm-none-eabi/lib/armv7e-m/fpu/crt0.o (memset)
/usr/local/gcc-arm-none-eabi-5_4-2016q3/bin/../lib/gcc/arm-none-eabi/5.4.1/../../../../arm-none-eabi/lib/armv7e-m/fpu/libnosys.a(_exit.o)
                              /usr/local/gcc-arm-none-eabi-5_4-2016q3/bin/../lib/gcc/arm-none-eabi/5.4.1/../../../../arm-none-eabi/lib/armv7e-m/fpu/libc_nano.a(lib_a-exit.o) (_exit)
/usr/local/gcc-arm-none-eabi-5_4-2016q3/bin/../lib/gcc/arm-none-eabi/5.4.1/../../../../arm-none-eabi/lib/armv7e-m/fpu/libc_nano.a(lib_a-memcpy-stub.o)
                              _build/nrf52832_xxaa_SEGGER_RTT.c.o (memcpy)
/usr/local/gcc-arm-none-eabi-5_4-2016q3/bin/../lib/gcc/arm-none-eabi/5.4.1/../../../../arm-none-eabi/lib/armv7e-m/fpu/libc_nano.a(lib_a-strcpy.o)
                              _build/nrf52832_xxaa_SEGGER_RTT.c.o (strcpy)
/usr/local/gcc-arm-none-eabi-5_4-2016q3/bin/../lib/gcc/arm-none-eabi/5.4.1/../../../../arm-none-eabi/lib/armv7e-m/fpu/libc_nano.a(lib_a-strlen.o)
                              _build/nrf52832_xxaa_SEGGER_RTT.c.o (strlen)

Allocating common symbols
Common symbol       size              file

nrf_nvic_state      0xc               _build/nrf52832_xxaa_app_util_platform.c.o
_SEGGER_RTT         0x78              _build/nrf52832_xxaa_SEGGER_RTT.c.o

Discarded input sections

 .text          0x0000000000000000        0x0 /usr/local/gcc-arm-none-eabi-5_4-2016q3/bin/../lib/gcc/arm-none-eabi/5.4.1/armv7e-m/fpu/crti.o
 .data          0x0000000000000000        0x0 /usr/local/gcc-arm-none-eabi-5_4-2016q3/bin/../lib/gcc/arm-none-eabi/5.4.1/armv7e-m/fpu/crti.o
 .bss           0x0000000000000000        0x0 /usr/local/gcc-arm-none-eabi-5_4-2016q3/bin/../lib/gcc/arm-none-eabi/5.4.1/armv7e-m/fpu/crti.o
 .data          0x0000000000000000        0x4 /usr/local/gcc-arm-none-eabi-5_4-2016q3/bin/../lib/gcc/arm-none-eabi/5.4.1/armv7e-m/fpu/crtbegin.o
 .data          0x0000000000000000        0x0 /usr/local/gcc-arm-none-eabi-5_4-2016q3/bin/../lib/gcc/arm-none-eabi/5.4.1/../../../../arm-none-eabi/lib/armv7e-m/fpu/crt0.o
 .bss           0x0000000000000000        0x0 /usr/local/gcc-arm-none-eabi-5_4-2016q3/bin/../lib/gcc/arm-none-eabi/5.4.1/../../../../arm-none-eabi/lib/armv7e-m/fpu/crt0.o
 .ARM.extab     0x0000000000000000        0x0 /usr/local/gcc-arm-none-eabi-5_4-2016q3/bin/../lib/gcc/arm-none-eabi/5.4.1/../../../../arm-none-eabi/lib/armv7e-m/fpu/crt0.o
 .text          0x0000000000000000        0x0 /usr/local/gcc-arm-none-eabi-5_4-2016q3/bin/../lib/gcc/arm-none-eabi/5.4.1/../../../../arm-none-eabi/lib/armv7e-m/fpu/libc_nano.a(lib_a-exit.o)
 .data          0x0000000000000000        0x0 /usr/local/gcc-arm-none-eabi-5_4-2016q3/bin/../lib/gcc/arm-none-eabi/5.4.1/../../../../arm-none-eabi/lib/armv7e-m/fpu/libc_nano.a(lib_a-exit.o)
 .bss           0x0000000000000000        0x0 /usr/local/gcc-arm-none-eabi-5_4-2016q3/bin/../lib/gcc/arm-none-eabi/5.4.1/../../../../arm-none-eabi/lib/armv7e-m/fpu/libc_nano.a(lib_a-exit.o)
 .text          0x0000000000000000        0x0 /usr/local/gcc-arm-none-eabi-5_4-2016q3/bin/../lib/gcc/arm-none-eabi/5.4.1/../../../../arm-none-eabi/lib/armv7e-m/fpu/libc_nano.a(lib_a-impure.o)
 .data          0x0000000000000000        0x0 /usr/local/gcc-arm-none-eabi-5_4-2016q3/bin/../lib/gcc/arm-none-eabi/5.4.1/../../../../arm-none-eabi/lib/armv7e-m/fpu/libc_nano.a(lib_a-impure.o)
 .bss           0x0000000000000000        0x0 /usr/local/gcc-arm-none-eabi-5_4-2016q3/bin/../lib/gcc/arm-none-eabi/5.4.1/../../../../arm-none-eabi/lib/armv7e-m/fpu/libc_nano.a(lib_a-impure.o)
 .data._impure_ptr
[...]
Memory Configuration

Name             Origin             Length             Attributes
FLASH            0x000000000001f000 0x0000000000061000 xr
RAM              0x00000000200019c0 0x000000000000e640 xrw
*default*        0x0000000000000000 0xffffffffffffffff

Linker script and memory map


.text           0x000000000001f000     0x1598
 *(.isr_vector)
 .isr_vector    0x000000000001f000      0x400 _build/nrf52832_xxaa_gcc_startup_nrf52.S.o
                0x000000000001f000                __isr_vector
 *(.text*)
 .text          0x000000000001f400       0x5c /usr/local/gcc-arm-none-eabi-5_4-2016q3/bin/../lib/gcc/arm-none-eabi/5.4.1/armv7e-m/fpu/crtbegin.o
 .text          0x000000000001f45c       0x74 /usr/local/gcc-arm-none-eabi-5_4-2016q3/bin/../lib/gcc/arm-none-eabi/5.4.1/../../../../arm-none-eabi/lib/armv7e-m/fpu/crt0.o
                0x000000000001f45c                _mainCRTStartup
                0x000000000001f45c                _start
 .text.exit     0x000000000001f4d0       0x28 /usr/local/gcc-arm-none-eabi-5_4-2016q3/bin/../lib/gcc/arm-none-eabi/5.4.1/../../../../arm-none-eabi/lib/armv7e-m/fpu/libc_nano.a(lib_a-exit.o)
                0x000000000001f4d0                exit
 .text.__libc_init_array
                0x000000000001f4f8       0x4c /usr/local/gcc-arm-none-eabi-5_4-2016q3/bin/../lib/gcc/arm-none-eabi/5.4.1/../../../../arm-none-eabi/lib/armv7e-m/fpu/libc_nano.a(lib_a-init.o)
                0x000000000001f4f8                __libc_init_array
 .text.memset   0x000000000001f544       0x10 /usr/local/gcc-arm-none-eabi-5_4-2016q3/bin/../lib/gcc/arm-none-eabi/5.4.1/../../../../arm-none-eabi/lib/armv7e-m/fpu/libc_nano.a(lib_a-memset.o)
                0x000000000001f544                memset
 .text._exit    0x000000000001f554        0x4 /usr/local/gcc-arm-none-eabi-5_4-2016q3/bin/../lib/gcc/arm-none-eabi/5.4.1/../../../../arm-none-eabi/lib/armv7e-m/fpu/libnosys.a(_exit.o)
                0x000000000001f554                _exit
 .text.app_error_handler_bare
                0x000000000001f558       0x20 _build/nrf52832_xxaa_app_error.c.o
                0x000000000001f558                app_error_handler_bare
 .text.app_error_fault_handler
                0x000000000001f578       0x24 _build/nrf52832_xxaa_app_error_weak.c.o
                0x000000000001f578                app_error_fault_handler
 .text.RTC1_IRQHandler
                0x000000000001f59c       0xc4 _build/nrf52832_xxaa_app_timer.c.o
                0x000000000001f59c                RTC1_IRQHandler
 .text.SWI0_EGU0_IRQHandler
                0x000000000001f660      0x654 _build/nrf52832_xxaa_app_timer.c.o
                0x000000000001f660                SWI0_EGU0_IRQHandler
 .text.bsp_board_led_invert
                0x000000000001fcb4       0x28 _build/nrf52832_xxaa_boards.c.o
                0x000000000001fcb4                bsp_board_led_invert
 .text.bsp_board_leds_init
                0x000000000001fcdc       0x3c _build/nrf52832_xxaa_boards.c.o
                0x000000000001fcdc                bsp_board_leds_init
 .text.POWER_CLOCK_IRQHandler
                0x000000000001fd18       0x78 _build/nrf52832_xxaa_nrf_drv_clock.c.o
                0x000000000001fd18                POWER_CLOCK_IRQHandler
 .text.nrf_drv_clock_on_soc_event
                0x000000000001fd90       0x20 _build/nrf52832_xxaa_nrf_drv_clock.c.o
                0x000000000001fd90                nrf_drv_clock_on_soc_event
 .text.UARTE0_UART0_IRQHandler
                0x000000000001fdb0      0x2fc _build/nrf52832_xxaa_nrf_drv_uart.c.o
                0x000000000001fdb0                UARTE0_UART0_IRQHandler
 .text.startup.main
                0x00000000000200ac       0xa4 _build/nrf52832_xxaa_main.c.o
                0x00000000000200ac                main
 .text          0x0000000000020150       0x3c _build/nrf52832_xxaa_gcc_startup_nrf52.S.o
                0x0000000000020150                Reset_Handler
                0x0000000000020178                NMI_Handler
                0x000000000002017a                HardFault_Handler
                0x000000000002017c                MemoryManagement_Handler
                0x000000000002017e                BusFault_Handler
                0x0000000000020180                UsageFault_Handler
                0x0000000000020182                SVC_Handler
                0x0000000000020184                DebugMon_Handler
                0x0000000000020186                PendSV_Handler
                0x0000000000020188                SysTick_Handler
                0x000000000002018a                SPIM0_SPIS0_TWIM0_TWIS0_SPI0_TWI0_IRQHandler
                0x000000000002018a                TIMER4_IRQHandler
                0x000000000002018a                I2S_IRQHandler
                0x000000000002018a                SWI4_EGU4_IRQHandler
                0x000000000002018a                TIMER0_IRQHandler
                0x000000000002018a                TIMER1_IRQHandler
                0x000000000002018a                PWM2_IRQHandler
                0x000000000002018a                ECB_IRQHandler
                0x000000000002018a                SPIM1_SPIS1_TWIM1_TWIS1_SPI1_TWI1_IRQHandler
                0x000000000002018a                Default_Handler
                0x000000000002018a                SAADC_IRQHandler
                0x000000000002018a                CCM_AAR_IRQHandler
                0x000000000002018a                WDT_IRQHandler
                0x000000000002018a                SWI5_EGU5_IRQHandler
                0x000000000002018a                RNG_IRQHandler
                0x000000000002018a                RTC2_IRQHandler
                0x000000000002018a                PWM0_IRQHandler
                0x000000000002018a                SWI3_EGU3_IRQHandler
                0x000000000002018a                SWI1_EGU1_IRQHandler
                0x000000000002018a                SPIM2_SPIS2_SPI2_IRQHandler
                0x000000000002018a                NFCT_IRQHandler
                0x000000000002018a                MWU_IRQHandler
                0x000000000002018a                TIMER2_IRQHandler
                0x000000000002018a                COMP_LPCOMP_IRQHandler
                0x000000000002018a                RTC0_IRQHandler
                0x000000000002018a                GPIOTE_IRQHandler
                0x000000000002018a                PWM1_IRQHandler
                0x000000000002018a                RADIO_IRQHandler
                0x000000000002018a                PDM_IRQHandler
                0x000000000002018a                TEMP_IRQHandler
                0x000000000002018a                QDEC_IRQHandler
                0x000000000002018a                TIMER3_IRQHandler
                0x000000000002018a                FPU_IRQHandler
 .text.SystemInit
                0x000000000002018c      0x2f0 _build/nrf52832_xxaa_system_nrf52.c.o
                0x000000000002018c                SystemInit
 .text.sd_evt_get
                0x000000000002047c        0x4 _build/nrf52832_xxaa_softdevice_handler.c.o
 .text.sd_ble_evt_get
                0x0000000000020480        0x4 _build/nrf52832_xxaa_softdevice_handler.c.o
 .text.intern_softdevice_events_execute.part.2
                0x0000000000020484       0xc0 _build/nrf52832_xxaa_softdevice_handler.c.o
 .text.SWI2_EGU2_IRQHandler
                0x0000000000020544       0x30 _build/nrf52832_xxaa_softdevice_handler.c.o
                0x0000000000020544                SWI2_EGU2_IRQHandler
 *(.init)
 .init          0x0000000000020574        0x4 /usr/local/gcc-arm-none-eabi-5_4-2016q3/bin/../lib/gcc/arm-none-eabi/5.4.1/armv7e-m/fpu/crti.o
                0x0000000000020574                _init
 .init          0x0000000000020578        0x8 /usr/local/gcc-arm-none-eabi-5_4-2016q3/bin/../lib/gcc/arm-none-eabi/5.4.1/armv7e-m/fpu/crtn.o
 *(.fini)
 .fini          0x0000000000020580        0x4 /usr/local/gcc-arm-none-eabi-5_4-2016q3/bin/../lib/gcc/arm-none-eabi/5.4.1/armv7e-m/fpu/crti.o
                0x0000000000020580                _fini
 .fini          0x0000000000020584        0x8 /usr/local/gcc-arm-none-eabi-5_4-2016q3/bin/../lib/gcc/arm-none-eabi/5.4.1/armv7e-m/fpu/crtn.o
 *crtbegin.o(.ctors)
 *crtbegin?.o(.ctors)
 *(EXCLUDE_FILE(*crtend.o *crtend?.o) .ctors)
 *(SORT(.ctors.*))
 *(.ctors)
 *crtbegin.o(.dtors)
 *crtbegin?.o(.dtors)
 *(EXCLUDE_FILE(*crtend.o *crtend?.o) .dtors)
 *(SORT(.dtors.*))
 *(.dtors)
 *(.rodata*)
 .rodata._global_impure_ptr
                0x000000000002058c        0x4 /usr/local/gcc-arm-none-eabi-5_4-2016q3/bin/../lib/gcc/arm-none-eabi/5.4.1/../../../../arm-none-eabi/lib/armv7e-m/fpu/libc_nano.a(lib_a-impure.o)
                0x000000000002058c                _global_impure_ptr
 .rodata.m_board_led_list
                0x0000000000020590        0x4 _build/nrf52832_xxaa_boards.c.o
 *(.eh_frame*)
 .eh_frame      0x0000000000020594        0x0 /usr/local/gcc-arm-none-eabi-5_4-2016q3/bin/../lib/gcc/arm-none-eabi/5.4.1/armv7e-m/fpu/crtbegin.o
 .eh_frame      0x0000000000020594        0x4 /usr/local/gcc-arm-none-eabi-5_4-2016q3/bin/../lib/gcc/arm-none-eabi/5.4.1/armv7e-m/fpu/crtend.o

.glue_7         0x0000000000020598        0x0
 .glue_7        0x0000000000020598        0x0 linker stubs

.glue_7t        0x0000000000020598        0x0
 .glue_7t       0x0000000000020598        0x0 linker stubs

.vfp11_veneer   0x0000000000020598        0x0
 .vfp11_veneer  0x0000000000020598        0x0 linker stubs

.v4_bx          0x0000000000020598        0x0
 .v4_bx         0x0000000000020598        0x0 linker stubs

.iplt           0x0000000000020598        0x0
 .iplt          0x0000000000020598        0x0 /usr/local/gcc-arm-none-eabi-5_4-2016q3/bin/../lib/gcc/arm-none-eabi/5.4.1/armv7e-m/fpu/crtbegin.o

.ARM.extab
 *(.ARM.extab* .gnu.linkonce.armextab.*)
                0x0000000000020598                __exidx_start = .

.ARM.exidx      0x0000000000020598        0x8
 *(.ARM.exidx* .gnu.linkonce.armexidx.*)
 .ARM.exidx     0x0000000000020598        0x8 /usr/local/gcc-arm-none-eabi-5_4-2016q3/bin/../lib/gcc/arm-none-eabi/5.4.1/../../../../arm-none-eabi/lib/armv7e-m/fpu/crt0.o
                0x00000000000205a0                __exidx_end = .
                0x00000000000205a0                __etext = .

.rel.dyn        0x00000000000205a0        0x0
 .rel.iplt      0x00000000000205a0        0x0 /usr/local/gcc-arm-none-eabi-5_4-2016q3/bin/../lib/gcc/arm-none-eabi/5.4.1/armv7e-m/fpu/crtbegin.o

.data           0x00000000200019c0       0x70 load address 0x00000000000205a0
                0x00000000200019c0                __data_start__ = .
 *(vtable)
 *(.data*)
 .data.impure_data
                0x00000000200019c0       0x60 /usr/local/gcc-arm-none-eabi-5_4-2016q3/bin/../lib/gcc/arm-none-eabi/5.4.1/../../../../arm-none-eabi/lib/armv7e-m/fpu/libc_nano.a(lib_a-impure.o)
 .data.SystemCoreClock
                0x0000000020001a20        0x4 _build/nrf52832_xxaa_system_nrf52.c.o
                0x0000000020001a20                SystemCoreClock
                0x0000000020001a24                . = ALIGN (0x4)
                0x0000000020001a24                PROVIDE (__preinit_array_start, .)
 *(.preinit_array)
                0x0000000020001a24                PROVIDE (__preinit_array_end, .)
                0x0000000020001a24                . = ALIGN (0x4)
                0x0000000020001a24                PROVIDE (__init_array_start, .)
 *(SORT(.init_array.*))
 *(.init_array)
 .init_array    0x0000000020001a24        0x4 /usr/local/gcc-arm-none-eabi-5_4-2016q3/bin/../lib/gcc/arm-none-eabi/5.4.1/armv7e-m/fpu/crtbegin.o
                0x0000000020001a28                PROVIDE (__init_array_end, .)
                0x0000000020001a28                . = ALIGN (0x4)
                [!provide]                        PROVIDE (__fini_array_start, .)
 *(SORT(.fini_array.*))
 *(.fini_array)
 .fini_array    0x0000000020001a28        0x4 /usr/local/gcc-arm-none-eabi-5_4-2016q3/bin/../lib/gcc/arm-none-eabi/5.4.1/armv7e-m/fpu/crtbegin.o
                [!provide]                        PROVIDE (__fini_array_end, .)
 *(.jcr*)
 .jcr           0x0000000020001a2c        0x0 /usr/local/gcc-arm-none-eabi-5_4-2016q3/bin/../lib/gcc/arm-none-eabi/5.4.1/armv7e-m/fpu/crtbegin.o
 .jcr           0x0000000020001a2c        0x4 /usr/local/gcc-arm-none-eabi-5_4-2016q3/bin/../lib/gcc/arm-none-eabi/5.4.1/armv7e-m/fpu/crtend.o
                0x0000000020001a30                . = ALIGN (0x4)
                0x0000000020001a30                __data_end__ = .
LOAD /usr/local/gcc-arm-none-eabi-5_4-2016q3/bin/../lib/gcc/arm-none-eabi/5.4.1/armv7e-m/fpu/crti.o
LOAD /usr/local/gcc-arm-none-eabi-5_4-2016q3/bin/../lib/gcc/arm-none-eabi/5.4.1/armv7e-m/fpu/crtbegin.o
LOAD /usr/local/gcc-arm-none-eabi-5_4-2016q3/bin/../lib/gcc/arm-none-eabi/5.4.1/../../../../arm-none-eabi/lib/armv7e-m/fpu/crt0.o
LOAD /usr/local/gcc-arm-none-eabi-5_4-2016q3/bin/../lib/gcc/arm-none-eabi/5.4.1/../../../../arm-none-eabi/lib/armv7e-m/fpu/libc_nano.a
LOAD /usr/local/gcc-arm-none-eabi-5_4-2016q3/bin/../lib/gcc/arm-none-eabi/5.4.1/../../../../arm-none-eabi/lib/armv7e-m/fpu/libnosys.a
LOAD _build/nrf52832_xxaa_nrf_log_backend_serial.c.o
LOAD _build/nrf52832_xxaa_nrf_log_frontend.c.o
LOAD _build/nrf52832_xxaa_app_error.c.o
LOAD _build/nrf52832_xxaa_app_error_weak.c.o
LOAD _build/nrf52832_xxaa_app_timer.c.o
LOAD _build/nrf52832_xxaa_app_util_platform.c.o
LOAD _build/nrf52832_xxaa_hardfault_implementation.c.o
LOAD _build/nrf52832_xxaa_nrf_assert.c.o
LOAD _build/nrf52832_xxaa_sdk_errors.c.o
LOAD _build/nrf52832_xxaa_boards.c.o
LOAD _build/nrf52832_xxaa_nrf_drv_clock.c.o
LOAD _build/nrf52832_xxaa_nrf_drv_common.c.o
LOAD _build/nrf52832_xxaa_nrf_drv_uart.c.o
LOAD _build/nrf52832_xxaa_main.c.o
LOAD _build/nrf52832_xxaa_RTT_Syscalls_GCC.c.o
LOAD _build/nrf52832_xxaa_SEGGER_RTT.c.o
LOAD _build/nrf52832_xxaa_SEGGER_RTT_printf.c.o
LOAD _build/nrf52832_xxaa_gcc_startup_nrf52.S.o
LOAD _build/nrf52832_xxaa_system_nrf52.c.o
LOAD _build/nrf52832_xxaa_softdevice_handler.c.o
LOAD /usr/local/gcc-arm-none-eabi-5_4-2016q3/bin/../lib/gcc/arm-none-eabi/5.4.1/../../../../arm-none-eabi/lib/armv7e-m/fpu/libm.a
START GROUP
LOAD /usr/local/gcc-arm-none-eabi-5_4-2016q3/bin/../lib/gcc/arm-none-eabi/5.4.1/armv7e-m/fpu/libgcc.a
LOAD /usr/local/gcc-arm-none-eabi-5_4-2016q3/bin/../lib/gcc/arm-none-eabi/5.4.1/../../../../arm-none-eabi/lib/armv7e-m/fpu/libc_nano.a
END GROUP
START GROUP
LOAD /usr/local/gcc-arm-none-eabi-5_4-2016q3/bin/../lib/gcc/arm-none-eabi/5.4.1/armv7e-m/fpu/libgcc.a
LOAD /usr/local/gcc-arm-none-eabi-5_4-2016q3/bin/../lib/gcc/arm-none-eabi/5.4.1/../../../../arm-none-eabi/lib/armv7e-m/fpu/libc_nano.a
END GROUP
LOAD /usr/local/gcc-arm-none-eabi-5_4-2016q3/bin/../lib/gcc/arm-none-eabi/5.4.1/armv7e-m/fpu/crtend.o
LOAD /usr/local/gcc-arm-none-eabi-5_4-2016q3/bin/../lib/gcc/arm-none-eabi/5.4.1/armv7e-m/fpu/crtn.o
START GROUP
LOAD /usr/local/gcc-arm-none-eabi-5_4-2016q3/bin/../lib/gcc/arm-none-eabi/5.4.1/armv7e-m/fpu/libgcc.a
LOAD /usr/local/gcc-arm-none-eabi-5_4-2016q3/bin/../lib/gcc/arm-none-eabi/5.4.1/../../../../arm-none-eabi/lib/armv7e-m/fpu/libc.a
LOAD /usr/local/gcc-arm-none-eabi-5_4-2016q3/bin/../lib/gcc/arm-none-eabi/5.4.1/../../../../arm-none-eabi/lib/armv7e-m/fpu/libnosys.a
END GROUP

.igot.plt       0x0000000020001a30        0x0 load address 0x0000000000020610
 .igot.plt      0x0000000020001a30        0x0 /usr/local/gcc-arm-none-eabi-5_4-2016q3/bin/../lib/gcc/arm-none-eabi/5.4.1/armv7e-m/fpu/crtbegin.o

.fs_data        0x0000000020001a30        0x0
                [!provide]                        PROVIDE (__start_fs_data, .)
 *(.fs_data)
                [!provide]                        PROVIDE (__stop_fs_data, .)

.pwr_mgmt_data  0x0000000020001a30        0x0
                [!provide]                        PROVIDE (__start_pwr_mgmt_data, .)
 *(.pwr_mgmt_data)
                [!provide]                        PROVIDE (__stop_pwr_mgmt_data, .)

.bss            0x0000000020001a30       0x88 load address 0x0000000000020610
                0x0000000020001a30                . = ALIGN (0x4)
                0x0000000020001a30                __bss_start__ = .
 *(.bss*)
 .bss           0x0000000020001a30       0x1c /usr/local/gcc-arm-none-eabi-5_4-2016q3/bin/../lib/gcc/arm-none-eabi/5.4.1/armv7e-m/fpu/crtbegin.o
 .bss.m_ticks_latest
                0x0000000020001a4c        0x4 _build/nrf52832_xxaa_app_timer.c.o
 .bss.mp_timer_id_head
                0x0000000020001a50        0x4 _build/nrf52832_xxaa_app_timer.c.o
 .bss.m_evt_schedule_func
                0x0000000020001a54        0x4 _build/nrf52832_xxaa_app_timer.c.o
 .bss.m_ticks_elapsed_q_read_ind
                0x0000000020001a58        0x1 _build/nrf52832_xxaa_app_timer.c.o
 .bss.m_ticks_elapsed_q_write_ind
                0x0000000020001a59        0x1 _build/nrf52832_xxaa_app_timer.c.o
 .bss.m_rtc1_reset
                0x0000000020001a5a        0x1 _build/nrf52832_xxaa_app_timer.c.o
 *fill*         0x0000000020001a5b        0x1 
 .bss.m_op_queue
                0x0000000020001a5c        0x8 _build/nrf52832_xxaa_app_timer.c.o
 .bss.m_ticks_elapsed
                0x0000000020001a64        0x8 _build/nrf52832_xxaa_app_timer.c.o
 .bss.m_rtc1_running
                0x0000000020001a6c        0x1 _build/nrf52832_xxaa_app_timer.c.o
 *fill*         0x0000000020001a6d        0x3 
 .bss.m_clock_cb
                0x0000000020001a70       0x14 _build/nrf52832_xxaa_nrf_drv_clock.c.o
 .bss.m_cb      0x0000000020001a84       0x20 _build/nrf52832_xxaa_nrf_drv_uart.c.o
 .bss.m_suspended
                0x0000000020001aa4        0x1 _build/nrf52832_xxaa_softdevice_handler.c.o
 .bss.m_softdevice_enabled
                0x0000000020001aa5        0x1 _build/nrf52832_xxaa_softdevice_handler.c.o
 .bss.m_ble_evt_buffer_size
                0x0000000020001aa6        0x2 _build/nrf52832_xxaa_softdevice_handler.c.o
 .bss.mp_ble_evt_buffer
                0x0000000020001aa8        0x4 _build/nrf52832_xxaa_softdevice_handler.c.o
 .bss.m_sys_evt_handler
                0x0000000020001aac        0x4 _build/nrf52832_xxaa_softdevice_handler.c.o
 .bss.m_ble_evt_handler
                0x0000000020001ab0        0x4 _build/nrf52832_xxaa_softdevice_handler.c.o
 .bss.m_evt_schedule_func
                0x0000000020001ab4        0x4 _build/nrf52832_xxaa_softdevice_handler.c.o
 *(COMMON)
                0x0000000020001ab8                . = ALIGN (0x4)
                0x0000000020001ab8                __bss_end__ = .

.heap           0x0000000020001ab8     0x2000
                0x0000000020001ab8                __HeapBase = .
                0x0000000020001ab8                __end__ = .
                [!provide]                        PROVIDE (end, .)
 *(.heap*)
 .heap          0x0000000020001ab8     0x2000 _build/nrf52832_xxaa_gcc_startup_nrf52.S.o
                0x0000000020003ab8                __HeapLimit = .

.stack_dummy    0x0000000020001ab8     0x2000
 *(.stack*)
 .stack         0x0000000020001ab8     0x2000 _build/nrf52832_xxaa_gcc_startup_nrf52.S.o
                0x0000000020010000                __StackTop = (ORIGIN (RAM) + LENGTH (RAM))
                0x000000002000e000                __StackLimit = (__StackTop - SIZEOF (.stack_dummy))
                0x0000000020010000                PROVIDE (__stack, __StackTop)
                0x0000000000000001                ASSERT ((__StackLimit >= __HeapLimit), region RAM overflowed with stack)
OUTPUT(_build/nrf52832_xxaa.out elf32-littlearm)

.ARM.attributes
                0x0000000000000000       0x30
 .ARM.attributes
                0x0000000000000000       0x22 /usr/local/gcc-arm-none-eabi-5_4-2016q3/bin/../lib/gcc/arm-none-eabi/5.4.1/armv7e-m/fpu/crti.o
 .ARM.attributes
                0x0000000000000022       0x34 /usr/local/gcc-arm-none-eabi-5_4-2016q3/bin/../lib/gcc/arm-none-eabi/5.4.1/armv7e-m/fpu/crtbegin.o
 .ARM.attributes
                0x0000000000000056       0x20 /usr/local/gcc-arm-none-eabi-5_4-2016q3/bin/../lib/gcc/arm-none-eabi/5.4.1/../../../../arm-none-eabi/lib/armv7e-m/fpu/crt0.o
 .ARM.attributes
                0x0000000000000076       0x34 /usr/local/gcc-arm-none-eabi-5_4-2016q3/bin/../lib/gcc/arm-none-eabi/5.4.1/../../../../arm-none-eabi/lib/armv7e-m/fpu/libc_nano.a(lib_a-exit.o)
 .ARM.attributes
                0x00000000000000aa       0x34 /usr/local/gcc-arm-none-eabi-5_4-2016q3/bin/../lib/gcc/arm-none-eabi/5.4.1/../../../../arm-none-eabi/lib/armv7e-m/fpu/libc_nano.a(lib_a-impure.o)
 .ARM.attributes
                0x00000000000000de       0x34 /usr/local/gcc-arm-none-eabi-5_4-2016q3/bin/../lib/gcc/arm-none-eabi/5.4.1/../../../../arm-none-eabi/lib/armv7e-m/fpu/libc_nano.a(lib_a-init.o)
 .ARM.attributes
                0x0000000000000112       0x34 /usr/local/gcc-arm-none-eabi-5_4-2016q3/bin/../lib/gcc/arm-none-eabi/5.4.1/../../../../arm-none-eabi/lib/armv7e-m/fpu/libc_nano.a(lib_a-memset.o)
 .ARM.attributes
                0x0000000000000146       0x34 /usr/local/gcc-arm-none-eabi-5_4-2016q3/bin/../lib/gcc/arm-none-eabi/5.4.1/../../../../arm-none-eabi/lib/armv7e-m/fpu/libnosys.a(_exit.o)
 .ARM.attributes
                0x000000000000017a       0x39 _build/nrf52832_xxaa_app_error.c.o
 .ARM.attributes
                0x00000000000001b3       0x39 _build/nrf52832_xxaa_app_error_weak.c.o
 .ARM.attributes
                0x00000000000001ec       0x39 _build/nrf52832_xxaa_app_timer.c.o
 .ARM.attributes
                0x0000000000000225       0x39 _build/nrf52832_xxaa_boards.c.o
 .ARM.attributes
                0x000000000000025e       0x39 _build/nrf52832_xxaa_nrf_drv_clock.c.o
 .ARM.attributes
                0x0000000000000297       0x39 _build/nrf52832_xxaa_nrf_drv_uart.c.o
 .ARM.attributes
                0x00000000000002d0       0x39 _build/nrf52832_xxaa_main.c.o
 .ARM.attributes
                0x0000000000000309       0x1c _build/nrf52832_xxaa_gcc_startup_nrf52.S.o
 .ARM.attributes
                0x0000000000000325       0x39 _build/nrf52832_xxaa_system_nrf52.c.o
 .ARM.attributes
                0x000000000000035e       0x39 _build/nrf52832_xxaa_softdevice_handler.c.o
 .ARM.attributes
                0x0000000000000397       0x34 /usr/local/gcc-arm-none-eabi-5_4-2016q3/bin/../lib/gcc/arm-none-eabi/5.4.1/armv7e-m/fpu/crtend.o
 .ARM.attributes
                0x00000000000003cb       0x22 /usr/local/gcc-arm-none-eabi-5_4-2016q3/bin/../lib/gcc/arm-none-eabi/5.4.1/armv7e-m/fpu/crtn.o

.comment        0x0000000000000000       0x6e
 .comment       0x0000000000000000       0x6e _build/nrf52832_xxaa_app_error.c.o
                                         0x6f (size before relaxing)
 .comment       0x000000000000006e       0x6f _build/nrf52832_xxaa_app_error_weak.c.o
 .comment       0x000000000000006e       0x6f _build/nrf52832_xxaa_app_timer.c.o
 .comment       0x000000000000006e       0x6f _build/nrf52832_xxaa_boards.c.o
 .comment       0x000000000000006e       0x6f _build/nrf52832_xxaa_nrf_drv_clock.c.o
 .comment       0x000000000000006e       0x6f _build/nrf52832_xxaa_nrf_drv_uart.c.o
 .comment       0x000000000000006e       0x6f _build/nrf52832_xxaa_main.c.o
 .comment       0x000000000000006e       0x6f _build/nrf52832_xxaa_system_nrf52.c.o
 .comment       0x000000000000006e       0x6f _build/nrf52832_xxaa_softdevice_handler.c.o

.debug_frame    0x0000000000000000      0x948
 .debug_frame   0x0000000000000000       0x28 /usr/local/gcc-arm-none-eabi-5_4-2016q3/bin/../lib/gcc/arm-none-eabi/5.4.1/../../../../arm-none-eabi/lib/armv7e-m/fpu/libc_nano.a(lib_a-exit.o)
 .debug_frame   0x0000000000000028       0x2c /usr/local/gcc-arm-none-eabi-5_4-2016q3/bin/../lib/gcc/arm-none-eabi/5.4.1/../../../../arm-none-eabi/lib/armv7e-m/fpu/libc_nano.a(lib_a-init.o)
 .debug_frame   0x0000000000000054       0x20 /usr/local/gcc-arm-none-eabi-5_4-2016q3/bin/../lib/gcc/arm-none-eabi/5.4.1/../../../../arm-none-eabi/lib/armv7e-m/fpu/libc_nano.a(lib_a-memset.o)
 .debug_frame   0x0000000000000074       0x20 /usr/local/gcc-arm-none-eabi-5_4-2016q3/bin/../lib/gcc/arm-none-eabi/5.4.1/../../../../arm-none-eabi/lib/armv7e-m/fpu/libnosys.a(_exit.o)
 .debug_frame   0x0000000000000094       0x70 _build/nrf52832_xxaa_app_error.c.o
 .debug_frame   0x0000000000000104       0x20 _build/nrf52832_xxaa_app_error_weak.c.o
 .debug_frame   0x0000000000000124      0x144 _build/nrf52832_xxaa_app_timer.c.o
 .debug_frame   0x0000000000000268      0x104 _build/nrf52832_xxaa_boards.c.o
 .debug_frame   0x000000000000036c      0x1f8 _build/nrf52832_xxaa_nrf_drv_clock.c.o
 .debug_frame   0x0000000000000564      0x1b0 _build/nrf52832_xxaa_nrf_drv_uart.c.o
 .debug_frame   0x0000000000000714       0x30 _build/nrf52832_xxaa_main.c.o
 .debug_frame   0x0000000000000744       0x48 _build/nrf52832_xxaa_system_nrf52.c.o
 .debug_frame   0x000000000000078c      0x1bc _build/nrf52832_xxaa_softdevice_handler.c.o

.debug_info     0x0000000000000000     0xbe0d
 .debug_info    0x0000000000000000      0x34f _build/nrf52832_xxaa_app_error.c.o
 .debug_info    0x000000000000034f      0x331 _build/nrf52832_xxaa_app_error_weak.c.o
 .debug_info    0x0000000000000680     0x1bc6 _build/nrf52832_xxaa_app_timer.c.o
 .debug_info    0x0000000000002246      0xbf8 _build/nrf52832_xxaa_boards.c.o
 .debug_info    0x0000000000002e3e     0x1718 _build/nrf52832_xxaa_nrf_drv_clock.c.o
 .debug_info    0x0000000000004556     0x432e _build/nrf52832_xxaa_nrf_drv_uart.c.o
 .debug_info    0x0000000000008884      0x1af _build/nrf52832_xxaa_main.c.o
 .debug_info    0x0000000000008a33      0xe06 _build/nrf52832_xxaa_system_nrf52.c.o
 .debug_info    0x0000000000009839     0x25d4 _build/nrf52832_xxaa_softdevice_handler.c.o

.debug_abbrev   0x0000000000000000     0x1925
 .debug_abbrev  0x0000000000000000      0x13a _build/nrf52832_xxaa_app_error.c.o
 .debug_abbrev  0x000000000000013a      0x13a _build/nrf52832_xxaa_app_error_weak.c.o
 .debug_abbrev  0x0000000000000274      0x405 _build/nrf52832_xxaa_app_timer.c.o
 .debug_abbrev  0x0000000000000679      0x269 _build/nrf52832_xxaa_boards.c.o
 .debug_abbrev  0x00000000000008e2      0x471 _build/nrf52832_xxaa_nrf_drv_clock.c.o
 .debug_abbrev  0x0000000000000d53      0x3ce _build/nrf52832_xxaa_nrf_drv_uart.c.o
 .debug_abbrev  0x0000000000001121      0x13a _build/nrf52832_xxaa_main.c.o
 .debug_abbrev  0x000000000000125b      0x1e7 _build/nrf52832_xxaa_system_nrf52.c.o
 .debug_abbrev  0x0000000000001442      0x4e3 _build/nrf52832_xxaa_softdevice_handler.c.o

.debug_loc      0x0000000000000000     0x48b7
 .debug_loc     0x0000000000000000      0x145 _build/nrf52832_xxaa_app_error.c.o
 .debug_loc     0x0000000000000145       0x42 _build/nrf52832_xxaa_app_error_weak.c.o
 .debug_loc     0x0000000000000187      0xd2a _build/nrf52832_xxaa_app_timer.c.o
 .debug_loc     0x0000000000000eb1      0x885 _build/nrf52832_xxaa_boards.c.o
 .debug_loc     0x0000000000001736      0x511 _build/nrf52832_xxaa_nrf_drv_clock.c.o
 .debug_loc     0x0000000000001c47     0x26cf _build/nrf52832_xxaa_nrf_drv_uart.c.o
 .debug_loc     0x0000000000004316       0x4d _build/nrf52832_xxaa_main.c.o
 .debug_loc     0x0000000000004363      0x554 _build/nrf52832_xxaa_softdevice_handler.c.o

.debug_aranges  0x0000000000000000      0x350
 .debug_aranges
                0x0000000000000000       0x30 _build/nrf52832_xxaa_app_error.c.o
 .debug_aranges
                0x0000000000000030       0x20 _build/nrf52832_xxaa_app_error_weak.c.o
 .debug_aranges
                0x0000000000000050       0x60 _build/nrf52832_xxaa_app_timer.c.o
 .debug_aranges
                0x00000000000000b0       0x80 _build/nrf52832_xxaa_boards.c.o
 .debug_aranges
                0x0000000000000130       0xb0 _build/nrf52832_xxaa_nrf_drv_clock.c.o
 .debug_aranges
                0x00000000000001e0       0x70 _build/nrf52832_xxaa_nrf_drv_uart.c.o
 .debug_aranges
                0x0000000000000250       0x20 _build/nrf52832_xxaa_main.c.o
 .debug_aranges
                0x0000000000000270       0x28 _build/nrf52832_xxaa_system_nrf52.c.o
 .debug_aranges
                0x0000000000000298       0xb8 _build/nrf52832_xxaa_softdevice_handler.c.o

.debug_ranges   0x0000000000000000     0x14c0
 .debug_ranges  0x0000000000000000       0x20 _build/nrf52832_xxaa_app_error.c.o
 .debug_ranges  0x0000000000000020       0x10 _build/nrf52832_xxaa_app_error_weak.c.o
 .debug_ranges  0x0000000000000030      0x4d8 _build/nrf52832_xxaa_app_timer.c.o
 .debug_ranges  0x0000000000000508      0x130 _build/nrf52832_xxaa_boards.c.o
 .debug_ranges  0x0000000000000638      0x3d0 _build/nrf52832_xxaa_nrf_drv_clock.c.o
 .debug_ranges  0x0000000000000a08      0x7b8 _build/nrf52832_xxaa_nrf_drv_uart.c.o
 .debug_ranges  0x00000000000011c0       0x28 _build/nrf52832_xxaa_main.c.o
 .debug_ranges  0x00000000000011e8      0x108 _build/nrf52832_xxaa_system_nrf52.c.o
 .debug_ranges  0x00000000000012f0      0x1d0 _build/nrf52832_xxaa_softdevice_handler.c.o

.debug_macro    0x0000000000000000     0x3eea
 .debug_macro   0x0000000000000000      0x29b _build/nrf52832_xxaa_app_error.c.o
 .debug_macro   0x000000000000029b       0x35 _build/nrf52832_xxaa_app_error.c.o
 .debug_macro   0x00000000000002d0       0x22 _build/nrf52832_xxaa_app_error.c.o
 .debug_macro   0x00000000000002f2       0x16 _build/nrf52832_xxaa_app_error.c.o
 .debug_macro   0x0000000000000308       0x97 _build/nrf52832_xxaa_app_error.c.o
 .debug_macro   0x000000000000039f       0xf6 _build/nrf52832_xxaa_app_error.c.o
 .debug_macro   0x0000000000000495       0x10 _build/nrf52832_xxaa_app_error.c.o
 .debug_macro   0x00000000000004a5       0x10 _build/nrf52832_xxaa_app_error.c.o
 .debug_macro   0x00000000000004b5       0xb6 _build/nrf52832_xxaa_app_error.c.o
 .debug_macro   0x000000000000056b       0x16 _build/nrf52832_xxaa_app_error.c.o
 .debug_macro   0x0000000000000581      0x145 _build/nrf52832_xxaa_app_error.c.o
 .debug_macro   0x00000000000006c6       0x2b _build/nrf52832_xxaa_app_error.c.o
 .debug_macro   0x00000000000006f1       0x22 _build/nrf52832_xxaa_app_error.c.o
 .debug_macro   0x0000000000000713       0x16 _build/nrf52832_xxaa_app_error.c.o
 .debug_macro   0x0000000000000729      0x39b _build/nrf52832_xxaa_app_error.c.o
 .debug_macro   0x0000000000000ac4      0x170 _build/nrf52832_xxaa_app_error.c.o
 .debug_macro   0x0000000000000c34       0x5a _build/nrf52832_xxaa_app_error.c.o
 .debug_macro   0x0000000000000c8e       0x28 _build/nrf52832_xxaa_app_error.c.o
 .debug_macro   0x0000000000000cb6       0x22 _build/nrf52832_xxaa_app_error.c.o
 .debug_macro   0x0000000000000cd8      0x29b _build/nrf52832_xxaa_app_error_weak.c.o
 .debug_macro   0x0000000000000f73       0x1c _build/nrf52832_xxaa_app_error_weak.c.o
 .debug_macro   0x0000000000000f8f      0x332 _build/nrf52832_xxaa_app_timer.c.o
 .debug_macro   0x00000000000012c1       0x1c _build/nrf52832_xxaa_app_timer.c.o
 .debug_macro   0x00000000000012dd       0x36 _build/nrf52832_xxaa_app_timer.c.o
 .debug_macro   0x0000000000001313       0x16 _build/nrf52832_xxaa_app_timer.c.o
 .debug_macro   0x0000000000001329       0x22 _build/nrf52832_xxaa_app_timer.c.o
 .debug_macro   0x000000000000134b       0x16 _build/nrf52832_xxaa_app_timer.c.o
 .debug_macro   0x0000000000001361       0x40 _build/nrf52832_xxaa_app_timer.c.o
 .debug_macro   0x00000000000013a1       0x64 _build/nrf52832_xxaa_app_timer.c.o
 .debug_macro   0x0000000000001405       0x10 _build/nrf52832_xxaa_app_timer.c.o
 .debug_macro   0x0000000000001415       0x2e _build/nrf52832_xxaa_app_timer.c.o
 .debug_macro   0x0000000000001443       0x10 _build/nrf52832_xxaa_app_timer.c.o
 .debug_macro   0x0000000000001453       0x77 _build/nrf52832_xxaa_app_timer.c.o
 .debug_macro   0x00000000000014ca      0x292 _build/nrf52832_xxaa_boards.c.o
 .debug_macro   0x000000000000175c      0x296 _build/nrf52832_xxaa_boards.c.o
 .debug_macro   0x00000000000019f2       0x16 _build/nrf52832_xxaa_boards.c.o
 .debug_macro   0x0000000000001a08      0x261 _build/nrf52832_xxaa_boards.c.o
 .debug_macro   0x0000000000001c69      0x115 _build/nrf52832_xxaa_boards.c.o
 .debug_macro   0x0000000000001d7e      0x42c _build/nrf52832_xxaa_nrf_drv_clock.c.o
 .debug_macro   0x00000000000021aa       0x10 _build/nrf52832_xxaa_nrf_drv_clock.c.o
 .debug_macro   0x00000000000021ba       0x28 _build/nrf52832_xxaa_nrf_drv_clock.c.o
 .debug_macro   0x00000000000021e2       0x1c _build/nrf52832_xxaa_nrf_drv_clock.c.o
 .debug_macro   0x00000000000021fe       0xdb _build/nrf52832_xxaa_nrf_drv_clock.c.o
 .debug_macro   0x00000000000022d9       0xca _build/nrf52832_xxaa_nrf_drv_clock.c.o
 .debug_macro   0x00000000000023a3      0x1fb _build/nrf52832_xxaa_nrf_drv_clock.c.o
 .debug_macro   0x000000000000259e      0x424 _build/nrf52832_xxaa_nrf_drv_clock.c.o
 .debug_macro   0x00000000000029c2       0x40 _build/nrf52832_xxaa_nrf_drv_clock.c.o
 .debug_macro   0x0000000000002a02       0x22 _build/nrf52832_xxaa_nrf_drv_clock.c.o
 .debug_macro   0x0000000000002a24      0x1f7 _build/nrf52832_xxaa_nrf_drv_clock.c.o
 .debug_macro   0x0000000000002c1b       0x1c _build/nrf52832_xxaa_nrf_drv_clock.c.o
 .debug_macro   0x0000000000002c37       0xdc _build/nrf52832_xxaa_nrf_drv_clock.c.o
 .debug_macro   0x0000000000002d13       0x2c _build/nrf52832_xxaa_nrf_drv_clock.c.o
 .debug_macro   0x0000000000002d3f       0x16 _build/nrf52832_xxaa_nrf_drv_clock.c.o
 .debug_macro   0x0000000000002d55       0x10 _build/nrf52832_xxaa_nrf_drv_clock.c.o
 .debug_macro   0x0000000000002d65      0x1bf _build/nrf52832_xxaa_nrf_drv_clock.c.o
 .debug_macro   0x0000000000002f24       0x1c _build/nrf52832_xxaa_nrf_drv_clock.c.o
 .debug_macro   0x0000000000002f40       0x16 _build/nrf52832_xxaa_nrf_drv_clock.c.o
 .debug_macro   0x0000000000002f56      0x176 _build/nrf52832_xxaa_nrf_drv_clock.c.o
 .debug_macro   0x00000000000030cc      0x3a7 _build/nrf52832_xxaa_nrf_drv_uart.c.o
 .debug_macro   0x0000000000003473       0x10 _build/nrf52832_xxaa_nrf_drv_uart.c.o
 .debug_macro   0x0000000000003483       0x43 _build/nrf52832_xxaa_nrf_drv_uart.c.o
 .debug_macro   0x00000000000034c6      0x29c _build/nrf52832_xxaa_main.c.o
 .debug_macro   0x0000000000003762       0xf5 _build/nrf52832_xxaa_system_nrf52.c.o
 .debug_macro   0x0000000000003857      0x404 _build/nrf52832_xxaa_softdevice_handler.c.o
 .debug_macro   0x0000000000003c5b       0x4c _build/nrf52832_xxaa_softdevice_handler.c.o
 .debug_macro   0x0000000000003ca7       0x55 _build/nrf52832_xxaa_softdevice_handler.c.o
 .debug_macro   0x0000000000003cfc      0x10e _build/nrf52832_xxaa_softdevice_handler.c.o
 .debug_macro   0x0000000000003e0a       0x86 _build/nrf52832_xxaa_softdevice_handler.c.o
 .debug_macro   0x0000000000003e90       0x4a _build/nrf52832_xxaa_softdevice_handler.c.o
 .debug_macro   0x0000000000003eda       0x10 _build/nrf52832_xxaa_softdevice_handler.c.o

.debug_line     0x0000000000000000     0x535f
 .debug_line    0x0000000000000000      0x664 _build/nrf52832_xxaa_app_error.c.o
 .debug_line    0x0000000000000664      0x626 _build/nrf52832_xxaa_app_error_weak.c.o
 .debug_line    0x0000000000000c8a      0xaf9 _build/nrf52832_xxaa_app_timer.c.o
 .debug_line    0x0000000000001783      0x75e _build/nrf52832_xxaa_boards.c.o
 .debug_line    0x0000000000001ee1      0xca6 _build/nrf52832_xxaa_nrf_drv_clock.c.o
 .debug_line    0x0000000000002b87     0x11ce _build/nrf52832_xxaa_nrf_drv_uart.c.o
 .debug_line    0x0000000000003d55      0x659 _build/nrf52832_xxaa_main.c.o
 .debug_line    0x00000000000043ae      0x46c _build/nrf52832_xxaa_system_nrf52.c.o
 .debug_line    0x000000000000481a      0xb45 _build/nrf52832_xxaa_softdevice_handler.c.o

.debug_str      0x0000000000000000    0x71c77
 .debug_str     0x0000000000000000    0x6451b _build/nrf52832_xxaa_app_error.c.o
                                      0x6509c (size before relaxing)
 .debug_str     0x000000000006451b       0xea _build/nrf52832_xxaa_app_error_weak.c.o
                                      0x65025 (size before relaxing)
 .debug_str     0x0000000000064605     0x1b63 _build/nrf52832_xxaa_app_timer.c.o
                                      0x65459 (size before relaxing)
 .debug_str     0x0000000000066168     0x1a36 _build/nrf52832_xxaa_boards.c.o
                                      0x61e6b (size before relaxing)
 .debug_str     0x0000000000067b9e     0x6ff2 _build/nrf52832_xxaa_nrf_drv_clock.c.o
                                      0x6cee9 (size before relaxing)
 .debug_str     0x000000000006eb90     0x18b5 _build/nrf52832_xxaa_nrf_drv_uart.c.o
                                      0x6835c (size before relaxing)
 .debug_str     0x0000000000070445       0x2f _build/nrf52832_xxaa_main.c.o
                                      0x619a8 (size before relaxing)
 .debug_str     0x0000000000070474      0x28d _build/nrf52832_xxaa_system_nrf52.c.o
                                      0x5ba9e (size before relaxing)
 .debug_str     0x0000000000070701     0x1576 _build/nrf52832_xxaa_softdevice_handler.c.o
                                      0x6d697 (size before relaxing)
